[2026-09-17T09:57:04.752+0000] {local_task_job_runner.py:120} INFO - ::group::Pre task execution logs
[2026-09-17T09:57:04.773+0000] {taskinstance.py:2076} INFO - Dependencies all met for dep_context=non-requeueable deps ti=<TaskInstance: data_staging_dag.create_tables manual__2026-09-17T09:57:04.100090+00:00 [queued]>
[2026-09-17T09:57:04.779+0000] {taskinstance.py:2076} INFO - Dependencies all met for dep_context=requeueable deps ti=<TaskInstance: data_staging_dag.create_tables manual__2026-09-17T09:57:04.100090+00:00 [queued]>
[2026-09-17T09:57:04.779+0000] {taskinstance.py:2306} INFO - Starting attempt 1 of 1
[2026-09-17T09:57:04.795+0000] {taskinstance.py:2330} INFO - Executing <Task(_PythonDecoratedOperator): create_tables> on 2026-09-17 09:57:04.100090+00:00
[2026-09-17T09:57:04.800+0000] {standard_task_runner.py:63} INFO - Started process 2606 to run task
[2026-09-17T09:57:04.803+0000] {standard_task_runner.py:90} INFO - Running: ['airflow', 'tasks', 'run', 'data_staging_dag', 'create_tables', 'manual__2026-09-17T09:57:04.100090+00:00', '--job-id', '27', '--raw', '--subdir', 'DAGS_FOLDER/data_staging_dag.py', '--cfg-path', '/tmp/tmpx4ez2ccn']
[2026-09-17T09:57:04.804+0000] {standard_task_runner.py:91} INFO - Job 27: Subtask create_tables
[2026-09-17T09:57:04.854+0000] {task_command.py:426} INFO - Running <TaskInstance: data_staging_dag.create_tables manual__2026-09-17T09:57:04.100090+00:00 [running]> on host 1a4c08f9ab32
[2026-09-17T09:57:04.933+0000] {taskinstance.py:2648} INFO - Exporting env vars: AIRFLOW_CTX_DAG_OWNER='airflow' AIRFLOW_CTX_DAG_ID='data_staging_dag' AIRFLOW_CTX_TASK_ID='create_tables' AIRFLOW_CTX_EXECUTION_DATE='2026-09-17T09:57:04.100090+00:00' AIRFLOW_CTX_TRY_NUMBER='1' AIRFLOW_CTX_DAG_RUN_ID='manual__2026-09-17T09:57:04.100090+00:00'
[2026-09-17T09:57:04.934+0000] {taskinstance.py:430} INFO - ::endgroup::
[2026-09-17T09:57:04.947+0000] {base.py:84} INFO - Using connection ID 'postgres_db_yt_elt' for task execution.
[2026-09-17T09:57:04.953+0000] {sql.py:487} INFO - Running statement: 
        CREATE SCHEMA IF NOT EXISTS staging;
        CREATE TABLE IF NOT EXISTS staging.youtube_videos (
            video_id       VARCHAR(50) PRIMARY KEY,
            title          TEXT,
            description    TEXT,
            published_at   TIMESTAMPTZ,
            duration       VARCHAR(50),
            views          BIGINT,
            likes          BIGINT,
            comments       BIGINT,
            loaded_at      TIMESTAMPTZ DEFAULT NOW()
        );
        , parameters: None
[2026-09-17T09:57:04.981+0000] {python.py:237} INFO - Done. Returned value was: None
[2026-09-17T09:57:04.983+0000] {taskinstance.py:441} INFO - ::group::Post task execution logs
[2026-09-17T09:57:04.995+0000] {taskinstance.py:1206} INFO - Marking task as SUCCESS. dag_id=data_staging_dag, task_id=create_tables, run_id=manual__2026-09-17T09:57:04.100090+00:00, execution_date=20260917T095704, start_date=20260917T095704, end_date=20260917T095704
[2026-09-17T09:57:05.016+0000] {local_task_job_runner.py:240} INFO - Task exited with return code 0
[2026-09-17T09:57:05.038+0000] {taskinstance.py:3503} INFO - 1 downstream tasks scheduled from follow-on schedule check
[2026-09-17T09:57:05.041+0000] {local_task_job_runner.py:222} INFO - ::endgroup::
