[2026-09-15T22:12:52.561+0000] {processor.py:161} INFO - Started process (PID=48) to work on /opt/airflow/dags/data_extracter_dag.py
[2026-09-15T22:12:52.562+0000] {processor.py:830} INFO - Processing file /opt/airflow/dags/data_extracter_dag.py for tasks to queue
[2026-09-15T22:12:52.565+0000] {logging_mixin.py:188} INFO - [2026-09-15T22:12:52.565+0000] {dagbag.py:545} INFO - Filling up the DagBag from /opt/airflow/dags/data_extracter_dag.py
[2026-09-15T22:12:52.600+0000] {processor.py:840} INFO - DAG(s) 'data_extraction' retrieved from /opt/airflow/dags/data_extracter_dag.py
[2026-09-15T22:12:52.919+0000] {logging_mixin.py:188} INFO - [2026-09-15T22:12:52.918+0000] {override.py:1829} INFO - Created Permission View: can edit on DAG:data_extraction
[2026-09-15T22:12:52.932+0000] {logging_mixin.py:188} INFO - [2026-09-15T22:12:52.932+0000] {override.py:1829} INFO - Created Permission View: can read on DAG:data_extraction
[2026-09-15T22:12:52.940+0000] {logging_mixin.py:188} INFO - [2026-09-15T22:12:52.940+0000] {override.py:1829} INFO - Created Permission View: can delete on DAG:data_extraction
[2026-09-15T22:12:52.941+0000] {logging_mixin.py:188} INFO - [2026-09-15T22:12:52.941+0000] {dag.py:3096} INFO - Sync 1 DAGs
[2026-09-15T22:12:52.951+0000] {logging_mixin.py:188} INFO - [2026-09-15T22:12:52.951+0000] {dag.py:3118} INFO - Creating ORM DAG for data_extraction
[2026-09-15T22:12:52.952+0000] {logging_mixin.py:188} INFO - [2026-09-15T22:12:52.952+0000] {dag.py:3954} INFO - Setting next_dagrun for data_extraction to None, run_after=None
[2026-09-15T22:12:52.968+0000] {processor.py:183} INFO - Processing /opt/airflow/dags/data_extracter_dag.py took 0.415 seconds
[2026-09-15T22:13:23.350+0000] {processor.py:161} INFO - Started process (PID=55) to work on /opt/airflow/dags/data_extracter_dag.py
[2026-09-15T22:13:23.354+0000] {processor.py:830} INFO - Processing file /opt/airflow/dags/data_extracter_dag.py for tasks to queue
[2026-09-15T22:13:23.356+0000] {logging_mixin.py:188} INFO - [2026-09-15T22:13:23.356+0000] {dagbag.py:545} INFO - Filling up the DagBag from /opt/airflow/dags/data_extracter_dag.py
[2026-09-15T22:13:23.372+0000] {processor.py:840} INFO - DAG(s) 'data_extraction' retrieved from /opt/airflow/dags/data_extracter_dag.py
[2026-09-15T22:13:23.696+0000] {logging_mixin.py:188} INFO - [2026-09-15T22:13:23.696+0000] {dag.py:3096} INFO - Sync 1 DAGs
[2026-09-15T22:13:23.707+0000] {logging_mixin.py:188} INFO - [2026-09-15T22:13:23.706+0000] {dag.py:3954} INFO - Setting next_dagrun for data_extraction to None, run_after=None
[2026-09-15T22:13:23.729+0000] {processor.py:183} INFO - Processing /opt/airflow/dags/data_extracter_dag.py took 0.385 seconds
[2026-09-15T22:13:53.791+0000] {processor.py:161} INFO - Started process (PID=62) to work on /opt/airflow/dags/data_extracter_dag.py
[2026-09-15T22:13:53.793+0000] {processor.py:830} INFO - Processing file /opt/airflow/dags/data_extracter_dag.py for tasks to queue
[2026-09-15T22:13:53.795+0000] {logging_mixin.py:188} INFO - [2026-09-15T22:13:53.795+0000] {dagbag.py:545} INFO - Filling up the DagBag from /opt/airflow/dags/data_extracter_dag.py
[2026-09-15T22:13:53.813+0000] {processor.py:840} INFO - DAG(s) 'data_extraction' retrieved from /opt/airflow/dags/data_extracter_dag.py
[2026-09-15T22:13:53.842+0000] {logging_mixin.py:188} INFO - [2026-09-15T22:13:53.842+0000] {dag.py:3096} INFO - Sync 1 DAGs
[2026-09-15T22:13:53.852+0000] {logging_mixin.py:188} INFO - [2026-09-15T22:13:53.852+0000] {dag.py:3954} INFO - Setting next_dagrun for data_extraction to None, run_after=None
[2026-09-15T22:13:53.872+0000] {processor.py:183} INFO - Processing /opt/airflow/dags/data_extracter_dag.py took 0.108 seconds
[2026-09-15T22:14:24.140+0000] {processor.py:161} INFO - Started process (PID=69) to work on /opt/airflow/dags/data_extracter_dag.py
[2026-09-15T22:14:24.145+0000] {processor.py:830} INFO - Processing file /opt/airflow/dags/data_extracter_dag.py for tasks to queue
[2026-09-15T22:14:24.147+0000] {logging_mixin.py:188} INFO - [2026-09-15T22:14:24.147+0000] {dagbag.py:545} INFO - Filling up the DagBag from /opt/airflow/dags/data_extracter_dag.py
[2026-09-15T22:14:24.160+0000] {processor.py:840} INFO - DAG(s) 'data_extraction' retrieved from /opt/airflow/dags/data_extracter_dag.py
[2026-09-15T22:14:24.188+0000] {logging_mixin.py:188} INFO - [2026-09-15T22:14:24.188+0000] {dag.py:3096} INFO - Sync 1 DAGs
[2026-09-15T22:14:24.199+0000] {logging_mixin.py:188} INFO - [2026-09-15T22:14:24.199+0000] {dag.py:3954} INFO - Setting next_dagrun for data_extraction to None, run_after=None
[2026-09-15T22:14:24.218+0000] {processor.py:183} INFO - Processing /opt/airflow/dags/data_extracter_dag.py took 0.087 seconds
[2026-09-15T22:14:54.648+0000] {processor.py:161} INFO - Started process (PID=76) to work on /opt/airflow/dags/data_extracter_dag.py
[2026-09-15T22:14:54.652+0000] {processor.py:830} INFO - Processing file /opt/airflow/dags/data_extracter_dag.py for tasks to queue
[2026-09-15T22:14:54.654+0000] {logging_mixin.py:188} INFO - [2026-09-15T22:14:54.654+0000] {dagbag.py:545} INFO - Filling up the DagBag from /opt/airflow/dags/data_extracter_dag.py
[2026-09-15T22:14:54.666+0000] {processor.py:840} INFO - DAG(s) 'data_extraction' retrieved from /opt/airflow/dags/data_extracter_dag.py
[2026-09-15T22:14:54.694+0000] {logging_mixin.py:188} INFO - [2026-09-15T22:14:54.694+0000] {dag.py:3096} INFO - Sync 1 DAGs
[2026-09-15T22:14:54.706+0000] {logging_mixin.py:188} INFO - [2026-09-15T22:14:54.706+0000] {dag.py:3954} INFO - Setting next_dagrun for data_extraction to None, run_after=None
[2026-09-15T22:14:54.726+0000] {processor.py:183} INFO - Processing /opt/airflow/dags/data_extracter_dag.py took 0.085 seconds
[2026-09-15T22:15:25.015+0000] {processor.py:161} INFO - Started process (PID=83) to work on /opt/airflow/dags/data_extracter_dag.py
[2026-09-15T22:15:25.019+0000] {processor.py:830} INFO - Processing file /opt/airflow/dags/data_extracter_dag.py for tasks to queue
[2026-09-15T22:15:25.021+0000] {logging_mixin.py:188} INFO - [2026-09-15T22:15:25.021+0000] {dagbag.py:545} INFO - Filling up the DagBag from /opt/airflow/dags/data_extracter_dag.py
[2026-09-15T22:15:25.032+0000] {processor.py:840} INFO - DAG(s) 'data_extraction' retrieved from /opt/airflow/dags/data_extracter_dag.py
[2026-09-15T22:15:25.061+0000] {logging_mixin.py:188} INFO - [2026-09-15T22:15:25.061+0000] {dag.py:3096} INFO - Sync 1 DAGs
[2026-09-15T22:15:25.072+0000] {logging_mixin.py:188} INFO - [2026-09-15T22:15:25.072+0000] {dag.py:3954} INFO - Setting next_dagrun for data_extraction to None, run_after=None
[2026-09-15T22:15:25.092+0000] {processor.py:183} INFO - Processing /opt/airflow/dags/data_extracter_dag.py took 0.083 seconds
[2026-09-15T22:15:55.496+0000] {processor.py:161} INFO - Started process (PID=90) to work on /opt/airflow/dags/data_extracter_dag.py
[2026-09-15T22:15:55.498+0000] {processor.py:830} INFO - Processing file /opt/airflow/dags/data_extracter_dag.py for tasks to queue
[2026-09-15T22:15:55.499+0000] {logging_mixin.py:188} INFO - [2026-09-15T22:15:55.499+0000] {dagbag.py:545} INFO - Filling up the DagBag from /opt/airflow/dags/data_extracter_dag.py
[2026-09-15T22:15:55.538+0000] {processor.py:840} INFO - DAG(s) 'data_extraction' retrieved from /opt/airflow/dags/data_extracter_dag.py
[2026-09-15T22:15:55.586+0000] {logging_mixin.py:188} INFO - [2026-09-15T22:15:55.586+0000] {dag.py:3096} INFO - Sync 1 DAGs
[2026-09-15T22:15:55.617+0000] {logging_mixin.py:188} INFO - [2026-09-15T22:15:55.617+0000] {dag.py:3954} INFO - Setting next_dagrun for data_extraction to None, run_after=None
[2026-09-15T22:15:55.647+0000] {processor.py:183} INFO - Processing /opt/airflow/dags/data_extracter_dag.py took 0.161 seconds
[2026-09-15T22:16:26.224+0000] {processor.py:161} INFO - Started process (PID=97) to work on /opt/airflow/dags/data_extracter_dag.py
[2026-09-15T22:16:26.225+0000] {processor.py:830} INFO - Processing file /opt/airflow/dags/data_extracter_dag.py for tasks to queue
[2026-09-15T22:16:26.227+0000] {logging_mixin.py:188} INFO - [2026-09-15T22:16:26.227+0000] {dagbag.py:545} INFO - Filling up the DagBag from /opt/airflow/dags/data_extracter_dag.py
[2026-09-15T22:16:26.240+0000] {processor.py:840} INFO - DAG(s) 'data_extraction' retrieved from /opt/airflow/dags/data_extracter_dag.py
[2026-09-15T22:16:26.272+0000] {logging_mixin.py:188} INFO - [2026-09-15T22:16:26.272+0000] {dag.py:3096} INFO - Sync 1 DAGs
[2026-09-15T22:16:26.287+0000] {logging_mixin.py:188} INFO - [2026-09-15T22:16:26.287+0000] {dag.py:3954} INFO - Setting next_dagrun for data_extraction to None, run_after=None
[2026-09-15T22:16:26.315+0000] {processor.py:183} INFO - Processing /opt/airflow/dags/data_extracter_dag.py took 0.098 seconds
