[2026-09-17T09:59:28.676+0000] {local_task_job_runner.py:120} INFO - ::group::Pre task execution logs
[2026-09-17T09:59:28.698+0000] {taskinstance.py:2076} INFO - Dependencies all met for dep_context=non-requeueable deps ti=<TaskInstance: data_staging_dag.upsert manual__2026-09-17T09:59:25.688992+00:00 [queued]>
[2026-09-17T09:59:28.708+0000] {taskinstance.py:2076} INFO - Dependencies all met for dep_context=requeueable deps ti=<TaskInstance: data_staging_dag.upsert manual__2026-09-17T09:59:25.688992+00:00 [queued]>
[2026-09-17T09:59:28.708+0000] {taskinstance.py:2306} INFO - Starting attempt 1 of 1
[2026-09-17T09:59:28.727+0000] {taskinstance.py:2330} INFO - Executing <Task(_PythonDecoratedOperator): upsert> on 2026-09-17 09:59:25.688992+00:00
[2026-09-17T09:59:28.732+0000] {standard_task_runner.py:63} INFO - Started process 2657 to run task
[2026-09-17T09:59:28.737+0000] {standard_task_runner.py:90} INFO - Running: ['airflow', 'tasks', 'run', 'data_staging_dag', 'upsert', 'manual__2026-09-17T09:59:25.688992+00:00', '--job-id', '35', '--raw', '--subdir', 'DAGS_FOLDER/data_staging_dag.py', '--cfg-path', '/tmp/tmpcalsy0c5']
[2026-09-17T09:59:28.737+0000] {standard_task_runner.py:91} INFO - Job 35: Subtask upsert
[2026-09-17T09:59:28.786+0000] {task_command.py:426} INFO - Running <TaskInstance: data_staging_dag.upsert manual__2026-09-17T09:59:25.688992+00:00 [running]> on host 1a4c08f9ab32
[2026-09-17T09:59:28.919+0000] {taskinstance.py:2648} INFO - Exporting env vars: AIRFLOW_CTX_DAG_OWNER='airflow' AIRFLOW_CTX_DAG_ID='data_staging_dag' AIRFLOW_CTX_TASK_ID='upsert' AIRFLOW_CTX_EXECUTION_DATE='2026-09-17T09:59:25.688992+00:00' AIRFLOW_CTX_TRY_NUMBER='1' AIRFLOW_CTX_DAG_RUN_ID='manual__2026-09-17T09:59:25.688992+00:00'
[2026-09-17T09:59:28.920+0000] {taskinstance.py:430} INFO - ::endgroup::
[2026-09-17T09:59:28.921+0000] {taskinstance.py:441} INFO - ::group::Post task execution logs
[2026-09-17T09:59:28.921+0000] {taskinstance.py:2905} ERROR - Task failed with exception
Traceback (most recent call last):
  File "/home/airflow/.local/lib/python3.10/site-packages/airflow/models/taskinstance.py", line 465, in _execute_task
    result = _execute_callable(context=context, **execute_callable_kwargs)
  File "/home/airflow/.local/lib/python3.10/site-packages/airflow/models/taskinstance.py", line 432, in _execute_callable
    return execute_callable(context=context, **execute_callable_kwargs)
  File "/home/airflow/.local/lib/python3.10/site-packages/airflow/models/baseoperator.py", line 401, in wrapper
    return func(self, *args, **kwargs)
  File "/home/airflow/.local/lib/python3.10/site-packages/airflow/decorators/base.py", line 265, in execute
    return_value = super().execute(context)
  File "/home/airflow/.local/lib/python3.10/site-packages/airflow/models/baseoperator.py", line 401, in wrapper
    return func(self, *args, **kwargs)
  File "/home/airflow/.local/lib/python3.10/site-packages/airflow/operators/python.py", line 235, in execute
    return_value = self.execute_callable()
  File "/home/airflow/.local/lib/python3.10/site-packages/airflow/operators/python.py", line 252, in execute_callable
    return self.python_callable(*self.op_args, **self.op_kwargs)
  File "/opt/airflow/dags/data_staging_dag.py", line 66, in upsert
    hook = PostgresHook(postgres_conn_id=POSTGRES_CONN_ID)
NameError: name 'POSTGRES_CONN_ID' is not defined
[2026-09-17T09:59:28.930+0000] {taskinstance.py:1206} INFO - Marking task as FAILED. dag_id=data_staging_dag, task_id=upsert, run_id=manual__2026-09-17T09:59:25.688992+00:00, execution_date=20260917T095925, start_date=20260917T095928, end_date=20260917T095928
[2026-09-17T09:59:28.939+0000] {standard_task_runner.py:110} ERROR - Failed to execute job 35 for task upsert (name 'POSTGRES_CONN_ID' is not defined; 2657)
[2026-09-17T09:59:28.949+0000] {local_task_job_runner.py:240} INFO - Task exited with return code 1
[2026-09-17T09:59:28.968+0000] {taskinstance.py:3503} INFO - 0 downstream tasks scheduled from follow-on schedule check
[2026-09-17T09:59:28.973+0000] {local_task_job_runner.py:222} INFO - ::endgroup::
