[2026-09-17T09:07:20.409+0000] {local_task_job_runner.py:120} INFO - ::group::Pre task execution logs
[2026-09-17T09:07:20.442+0000] {taskinstance.py:2076} INFO - Dependencies all met for dep_context=non-requeueable deps ti=<TaskInstance: data_staging_dag.create_tables scheduled__2026-09-16T00:00:00+00:00 [queued]>
[2026-09-17T09:07:20.452+0000] {taskinstance.py:2076} INFO - Dependencies all met for dep_context=requeueable deps ti=<TaskInstance: data_staging_dag.create_tables scheduled__2026-09-16T00:00:00+00:00 [queued]>
[2026-09-17T09:07:20.452+0000] {taskinstance.py:2306} INFO - Starting attempt 1 of 1
[2026-09-17T09:07:20.466+0000] {taskinstance.py:2330} INFO - Executing <Task(_PythonDecoratedOperator): create_tables> on 2026-09-16 00:00:00+00:00
[2026-09-17T09:07:20.471+0000] {standard_task_runner.py:63} INFO - Started process 2303 to run task
[2026-09-17T09:07:20.475+0000] {standard_task_runner.py:90} INFO - Running: ['airflow', 'tasks', 'run', 'data_staging_dag', 'create_tables', 'scheduled__2026-09-16T00:00:00+00:00', '--job-id', '18', '--raw', '--subdir', 'DAGS_FOLDER/data_staging_dag.py', '--cfg-path', '/tmp/tmp_yx_jkmu']
[2026-09-17T09:07:20.476+0000] {standard_task_runner.py:91} INFO - Job 18: Subtask create_tables
[2026-09-17T09:07:20.533+0000] {task_command.py:426} INFO - Running <TaskInstance: data_staging_dag.create_tables scheduled__2026-09-16T00:00:00+00:00 [running]> on host 1a4c08f9ab32
[2026-09-17T09:07:20.627+0000] {taskinstance.py:2648} INFO - Exporting env vars: AIRFLOW_CTX_DAG_OWNER='airflow' AIRFLOW_CTX_DAG_ID='data_staging_dag' AIRFLOW_CTX_TASK_ID='create_tables' AIRFLOW_CTX_EXECUTION_DATE='2026-09-16T00:00:00+00:00' AIRFLOW_CTX_TRY_NUMBER='1' AIRFLOW_CTX_DAG_RUN_ID='scheduled__2026-09-16T00:00:00+00:00'
[2026-09-17T09:07:20.628+0000] {taskinstance.py:430} INFO - ::endgroup::
[2026-09-17T09:07:20.641+0000] {taskinstance.py:441} INFO - ::group::Post task execution logs
[2026-09-17T09:07:20.651+0000] {taskinstance.py:2905} ERROR - Task failed with exception
Traceback (most recent call last):
  File "/home/airflow/.local/lib/python3.10/site-packages/airflow/models/taskinstance.py", line 465, in _execute_task
    result = _execute_callable(context=context, **execute_callable_kwargs)
  File "/home/airflow/.local/lib/python3.10/site-packages/airflow/models/taskinstance.py", line 432, in _execute_callable
    return execute_callable(context=context, **execute_callable_kwargs)
  File "/home/airflow/.local/lib/python3.10/site-packages/airflow/models/baseoperator.py", line 401, in wrapper
    return func(self, *args, **kwargs)
  File "/home/airflow/.local/lib/python3.10/site-packages/airflow/decorators/base.py", line 265, in execute
    return_value = super().execute(context)
  File "/home/airflow/.local/lib/python3.10/site-packages/airflow/models/baseoperator.py", line 401, in wrapper
    return func(self, *args, **kwargs)
  File "/home/airflow/.local/lib/python3.10/site-packages/airflow/operators/python.py", line 235, in execute
    return_value = self.execute_callable()
  File "/home/airflow/.local/lib/python3.10/site-packages/airflow/operators/python.py", line 252, in execute_callable
    return self.python_callable(*self.op_args, **self.op_kwargs)
  File "/opt/airflow/dags/data_staging_dag.py", line 43, in create_tables
    hook.run(sql)
  File "/home/airflow/.local/lib/python3.10/site-packages/airflow/providers/common/sql/hooks/sql.py", line 431, in run
    with self._create_autocommit_connection(autocommit) as conn:
  File "/usr/local/lib/python3.10/contextlib.py", line 135, in __enter__
    return next(self.gen)
  File "/home/airflow/.local/lib/python3.10/site-packages/airflow/providers/common/sql/hooks/sql.py", line 551, in _create_autocommit_connection
    with closing(self.get_conn()) as conn:
  File "/home/airflow/.local/lib/python3.10/site-packages/airflow/providers/postgres/hooks/postgres.py", line 145, in get_conn
    conn = deepcopy(self.connection or self.get_connection(conn_id))
  File "/home/airflow/.local/lib/python3.10/site-packages/airflow/hooks/base.py", line 83, in get_connection
    conn = Connection.get_connection_from_secrets(conn_id)
  File "/home/airflow/.local/lib/python3.10/site-packages/airflow/models/connection.py", line 519, in get_connection_from_secrets
    raise AirflowNotFoundException(f"The conn_id `{conn_id}` isn't defined")
airflow.exceptions.AirflowNotFoundException: The conn_id `postgres` isn't defined
[2026-09-17T09:07:20.656+0000] {taskinstance.py:1206} INFO - Marking task as FAILED. dag_id=data_staging_dag, task_id=create_tables, run_id=scheduled__2026-09-16T00:00:00+00:00, execution_date=20260916T000000, start_date=20260917T090720, end_date=20260917T090720
[2026-09-17T09:07:20.669+0000] {standard_task_runner.py:110} ERROR - Failed to execute job 18 for task create_tables (The conn_id `postgres` isn't defined; 2303)
[2026-09-17T09:07:20.689+0000] {local_task_job_runner.py:240} INFO - Task exited with return code 1
[2026-09-17T09:07:20.714+0000] {taskinstance.py:3503} INFO - 0 downstream tasks scheduled from follow-on schedule check
[2026-09-17T09:07:20.718+0000] {local_task_job_runner.py:222} INFO - ::endgroup::
[2026-09-17T09:59:11.610+0000] {local_task_job_runner.py:120} INFO - ::group::Pre task execution logs
[2026-09-17T09:59:11.630+0000] {taskinstance.py:2076} INFO - Dependencies all met for dep_context=non-requeueable deps ti=<TaskInstance: data_staging_dag.create_tables scheduled__2026-09-16T00:00:00+00:00 [queued]>
[2026-09-17T09:59:11.636+0000] {taskinstance.py:2076} INFO - Dependencies all met for dep_context=requeueable deps ti=<TaskInstance: data_staging_dag.create_tables scheduled__2026-09-16T00:00:00+00:00 [queued]>
[2026-09-17T09:59:11.636+0000] {taskinstance.py:2306} INFO - Starting attempt 1 of 1
[2026-09-17T09:59:11.646+0000] {taskinstance.py:2330} INFO - Executing <Task(_PythonDecoratedOperator): create_tables> on 2026-09-16 00:00:00+00:00
[2026-09-17T09:59:11.651+0000] {standard_task_runner.py:63} INFO - Started process 2640 to run task
[2026-09-17T09:59:11.654+0000] {standard_task_runner.py:90} INFO - Running: ['airflow', 'tasks', 'run', 'data_staging_dag', 'create_tables', 'scheduled__2026-09-16T00:00:00+00:00', '--job-id', '30', '--raw', '--subdir', 'DAGS_FOLDER/data_staging_dag.py', '--cfg-path', '/tmp/tmpf1yrkcsf']
[2026-09-17T09:59:11.655+0000] {standard_task_runner.py:91} INFO - Job 30: Subtask create_tables
[2026-09-17T09:59:11.703+0000] {task_command.py:426} INFO - Running <TaskInstance: data_staging_dag.create_tables scheduled__2026-09-16T00:00:00+00:00 [running]> on host 1a4c08f9ab32
[2026-09-17T09:59:11.779+0000] {taskinstance.py:2648} INFO - Exporting env vars: AIRFLOW_CTX_DAG_OWNER='airflow' AIRFLOW_CTX_DAG_ID='data_staging_dag' AIRFLOW_CTX_TASK_ID='create_tables' AIRFLOW_CTX_EXECUTION_DATE='2026-09-16T00:00:00+00:00' AIRFLOW_CTX_TRY_NUMBER='1' AIRFLOW_CTX_DAG_RUN_ID='scheduled__2026-09-16T00:00:00+00:00'
[2026-09-17T09:59:11.779+0000] {taskinstance.py:430} INFO - ::endgroup::
[2026-09-17T09:59:11.786+0000] {base.py:84} INFO - Using connection ID 'postgres_db_yt_elt' for task execution.
[2026-09-17T09:59:11.791+0000] {sql.py:487} INFO - Running statement: 
        CREATE SCHEMA IF NOT EXISTS staging;
        CREATE TABLE IF NOT EXISTS staging.youtube_videos (
            video_id       VARCHAR(50) PRIMARY KEY,
            title          TEXT,
            description    TEXT,
            published_at   TIMESTAMPTZ,
            duration       VARCHAR(50),
            views          BIGINT,
            likes          BIGINT,
            comments       BIGINT,
            loaded_at      TIMESTAMPTZ DEFAULT NOW()
        );
        , parameters: None
[2026-09-17T09:59:11.794+0000] {python.py:237} INFO - Done. Returned value was: None
[2026-09-17T09:59:11.795+0000] {taskinstance.py:441} INFO - ::group::Post task execution logs
[2026-09-17T09:59:11.803+0000] {taskinstance.py:1206} INFO - Marking task as SUCCESS. dag_id=data_staging_dag, task_id=create_tables, run_id=scheduled__2026-09-16T00:00:00+00:00, execution_date=20260916T000000, start_date=20260917T095911, end_date=20260917T095911
[2026-09-17T09:59:11.826+0000] {local_task_job_runner.py:240} INFO - Task exited with return code 0
[2026-09-17T09:59:11.852+0000] {taskinstance.py:3503} INFO - 1 downstream tasks scheduled from follow-on schedule check
[2026-09-17T09:59:11.854+0000] {local_task_job_runner.py:222} INFO - ::endgroup::
[2026-09-17T09:59:42.249+0000] {local_task_job_runner.py:120} INFO - ::group::Pre task execution logs
[2026-09-17T09:59:42.268+0000] {taskinstance.py:2076} INFO - Dependencies all met for dep_context=non-requeueable deps ti=<TaskInstance: data_staging_dag.create_tables scheduled__2026-09-16T00:00:00+00:00 [queued]>
[2026-09-17T09:59:42.274+0000] {taskinstance.py:2076} INFO - Dependencies all met for dep_context=requeueable deps ti=<TaskInstance: data_staging_dag.create_tables scheduled__2026-09-16T00:00:00+00:00 [queued]>
[2026-09-17T09:59:42.274+0000] {taskinstance.py:2306} INFO - Starting attempt 1 of 1
[2026-09-17T09:59:42.285+0000] {taskinstance.py:2330} INFO - Executing <Task(_PythonDecoratedOperator): create_tables> on 2026-09-16 00:00:00+00:00
[2026-09-17T09:59:42.289+0000] {standard_task_runner.py:63} INFO - Started process 2659 to run task
[2026-09-17T09:59:42.292+0000] {standard_task_runner.py:90} INFO - Running: ['airflow', 'tasks', 'run', 'data_staging_dag', 'create_tables', 'scheduled__2026-09-16T00:00:00+00:00', '--job-id', '36', '--raw', '--subdir', 'DAGS_FOLDER/data_staging_dag.py', '--cfg-path', '/tmp/tmpai4bhvkr']
[2026-09-17T09:59:42.292+0000] {standard_task_runner.py:91} INFO - Job 36: Subtask create_tables
[2026-09-17T09:59:42.337+0000] {task_command.py:426} INFO - Running <TaskInstance: data_staging_dag.create_tables scheduled__2026-09-16T00:00:00+00:00 [running]> on host 1a4c08f9ab32
[2026-09-17T09:59:42.411+0000] {taskinstance.py:2648} INFO - Exporting env vars: AIRFLOW_CTX_DAG_OWNER='airflow' AIRFLOW_CTX_DAG_ID='data_staging_dag' AIRFLOW_CTX_TASK_ID='create_tables' AIRFLOW_CTX_EXECUTION_DATE='2026-09-16T00:00:00+00:00' AIRFLOW_CTX_TRY_NUMBER='1' AIRFLOW_CTX_DAG_RUN_ID='scheduled__2026-09-16T00:00:00+00:00'
[2026-09-17T09:59:42.412+0000] {taskinstance.py:430} INFO - ::endgroup::
[2026-09-17T09:59:42.420+0000] {base.py:84} INFO - Using connection ID 'postgres_db_yt_elt' for task execution.
[2026-09-17T09:59:42.427+0000] {sql.py:487} INFO - Running statement: 
        CREATE SCHEMA IF NOT EXISTS staging;
        CREATE TABLE IF NOT EXISTS staging.youtube_videos (
            video_id       VARCHAR(50) PRIMARY KEY,
            title          TEXT,
            description    TEXT,
            published_at   TIMESTAMPTZ,
            duration       VARCHAR(50),
            views          BIGINT,
            likes          BIGINT,
            comments       BIGINT,
            loaded_at      TIMESTAMPTZ DEFAULT NOW()
        );
        , parameters: None
[2026-09-17T09:59:42.428+0000] {python.py:237} INFO - Done. Returned value was: None
[2026-09-17T09:59:42.430+0000] {taskinstance.py:441} INFO - ::group::Post task execution logs
[2026-09-17T09:59:42.439+0000] {taskinstance.py:1206} INFO - Marking task as SUCCESS. dag_id=data_staging_dag, task_id=create_tables, run_id=scheduled__2026-09-16T00:00:00+00:00, execution_date=20260916T000000, start_date=20260917T095942, end_date=20260917T095942
[2026-09-17T09:59:42.464+0000] {local_task_job_runner.py:240} INFO - Task exited with return code 0
[2026-09-17T09:59:42.484+0000] {taskinstance.py:3503} INFO - 1 downstream tasks scheduled from follow-on schedule check
[2026-09-17T09:59:42.487+0000] {local_task_job_runner.py:222} INFO - ::endgroup::
