[2026-09-16T08:28:20.911+0000] {local_task_job_runner.py:120} INFO - ::group::Pre task execution logs
[2026-09-16T08:28:20.934+0000] {taskinstance.py:2076} INFO - Dependencies all met for dep_context=non-requeueable deps ti=<TaskInstance: data_extraction.get_channel_playlist_id manual__2026-09-16T08:28:19.460494+00:00 [queued]>
[2026-09-16T08:28:20.941+0000] {taskinstance.py:2076} INFO - Dependencies all met for dep_context=requeueable deps ti=<TaskInstance: data_extraction.get_channel_playlist_id manual__2026-09-16T08:28:19.460494+00:00 [queued]>
[2026-09-16T08:28:20.941+0000] {taskinstance.py:2306} INFO - Starting attempt 1 of 1
[2026-09-16T08:28:20.956+0000] {taskinstance.py:2330} INFO - Executing <Task(_PythonDecoratedOperator): get_channel_playlist_id> on 2026-09-16 08:28:19.460494+00:00
[2026-09-16T08:28:20.959+0000] {standard_task_runner.py:63} INFO - Started process 63 to run task
[2026-09-16T08:28:20.964+0000] {standard_task_runner.py:90} INFO - Running: ['airflow', 'tasks', 'run', 'data_extraction', 'get_channel_playlist_id', 'manual__2026-09-16T08:28:19.460494+00:00', '--job-id', '35', '--raw', '--subdir', 'DAGS_FOLDER/data_extracter_dag.py', '--cfg-path', '/tmp/tmp1tpmjaac']
[2026-09-16T08:28:20.965+0000] {standard_task_runner.py:91} INFO - Job 35: Subtask get_channel_playlist_id
[2026-09-16T08:28:21.016+0000] {task_command.py:426} INFO - Running <TaskInstance: data_extraction.get_channel_playlist_id manual__2026-09-16T08:28:19.460494+00:00 [running]> on host b731fba17434
[2026-09-16T08:28:21.095+0000] {taskinstance.py:2648} INFO - Exporting env vars: AIRFLOW_CTX_DAG_OWNER='airflow' AIRFLOW_CTX_DAG_ID='data_extraction' AIRFLOW_CTX_TASK_ID='get_channel_playlist_id' AIRFLOW_CTX_EXECUTION_DATE='2026-09-16T08:28:19.460494+00:00' AIRFLOW_CTX_TRY_NUMBER='1' AIRFLOW_CTX_DAG_RUN_ID='manual__2026-09-16T08:28:19.460494+00:00'
[2026-09-16T08:28:21.097+0000] {taskinstance.py:430} INFO - ::endgroup::
[2026-09-16T08:28:21.098+0000] {taskinstance.py:441} INFO - ::group::Post task execution logs
[2026-09-16T08:28:21.098+0000] {taskinstance.py:2905} ERROR - Task failed with exception
Traceback (most recent call last):
  File "/home/airflow/.local/lib/python3.10/site-packages/airflow/models/taskinstance.py", line 465, in _execute_task
    result = _execute_callable(context=context, **execute_callable_kwargs)
  File "/home/airflow/.local/lib/python3.10/site-packages/airflow/models/taskinstance.py", line 432, in _execute_callable
    return execute_callable(context=context, **execute_callable_kwargs)
  File "/home/airflow/.local/lib/python3.10/site-packages/airflow/models/baseoperator.py", line 401, in wrapper
    return func(self, *args, **kwargs)
  File "/home/airflow/.local/lib/python3.10/site-packages/airflow/decorators/base.py", line 265, in execute
    return_value = super().execute(context)
  File "/home/airflow/.local/lib/python3.10/site-packages/airflow/models/baseoperator.py", line 401, in wrapper
    return func(self, *args, **kwargs)
  File "/home/airflow/.local/lib/python3.10/site-packages/airflow/operators/python.py", line 235, in execute
    return_value = self.execute_callable()
  File "/home/airflow/.local/lib/python3.10/site-packages/airflow/operators/python.py", line 252, in execute_callable
    return self.python_callable(*self.op_args, **self.op_kwargs)
  File "/opt/airflow/dags/data_extracter_dag.py", line 26, in get_channel_playlist_id
    response = requests.get(
NameError: name 'requests' is not defined
[2026-09-16T08:28:21.112+0000] {taskinstance.py:1206} INFO - Marking task as FAILED. dag_id=data_extraction, task_id=get_channel_playlist_id, run_id=manual__2026-09-16T08:28:19.460494+00:00, execution_date=20260916T082819, start_date=20260916T082820, end_date=20260916T082821
[2026-09-16T08:28:21.123+0000] {standard_task_runner.py:110} ERROR - Failed to execute job 35 for task get_channel_playlist_id (name 'requests' is not defined; 63)
[2026-09-16T08:28:21.137+0000] {local_task_job_runner.py:240} INFO - Task exited with return code 1
[2026-09-16T08:28:21.160+0000] {taskinstance.py:3503} INFO - 0 downstream tasks scheduled from follow-on schedule check
[2026-09-16T08:28:21.164+0000] {local_task_job_runner.py:222} INFO - ::endgroup::
