[2026-09-20T10:53:03.710+0000] {processor.py:161} INFO - Started process (PID=55) to work on /opt/airflow/dags/extraction_dag.py
[2026-09-20T10:53:03.712+0000] {processor.py:830} INFO - Processing file /opt/airflow/dags/extraction_dag.py for tasks to queue
[2026-09-20T10:53:03.716+0000] {logging_mixin.py:188} INFO - [2026-09-20T10:53:03.715+0000] {dagbag.py:545} INFO - Filling up the DagBag from /opt/airflow/dags/extraction_dag.py
[2026-09-20T10:53:03.724+0000] {logging_mixin.py:188} INFO - [2026-09-20T10:53:03.723+0000] {dagbag.py:355} ERROR - Failed to import: /opt/airflow/dags/extraction_dag.py
Traceback (most recent call last):
  File "/home/airflow/.local/lib/python3.10/site-packages/airflow/models/dagbag.py", line 351, in parse
    loader.exec_module(new_module)
  File "<frozen importlib._bootstrap_external>", line 883, in exec_module
  File "<frozen importlib._bootstrap>", line 241, in _call_with_frames_removed
  File "/opt/airflow/dags/extraction_dag.py", line 6, in <module>
    from scripts.constants import BASE_URL
ModuleNotFoundError: No module named 'scripts.constants'
[2026-09-20T10:53:03.725+0000] {processor.py:842} WARNING - No viable dags retrieved from /opt/airflow/dags/extraction_dag.py
[2026-09-20T10:53:03.759+0000] {processor.py:183} INFO - Processing /opt/airflow/dags/extraction_dag.py took 0.060 seconds
[2026-09-20T10:53:33.803+0000] {processor.py:161} INFO - Started process (PID=63) to work on /opt/airflow/dags/extraction_dag.py
[2026-09-20T10:53:33.805+0000] {processor.py:830} INFO - Processing file /opt/airflow/dags/extraction_dag.py for tasks to queue
[2026-09-20T10:53:33.808+0000] {logging_mixin.py:188} INFO - [2026-09-20T10:53:33.808+0000] {dagbag.py:545} INFO - Filling up the DagBag from /opt/airflow/dags/extraction_dag.py
[2026-09-20T10:53:33.814+0000] {logging_mixin.py:188} INFO - [2026-09-20T10:53:33.813+0000] {dagbag.py:355} ERROR - Failed to import: /opt/airflow/dags/extraction_dag.py
Traceback (most recent call last):
  File "/home/airflow/.local/lib/python3.10/site-packages/airflow/models/dagbag.py", line 351, in parse
    loader.exec_module(new_module)
  File "<frozen importlib._bootstrap_external>", line 883, in exec_module
  File "<frozen importlib._bootstrap>", line 241, in _call_with_frames_removed
  File "/opt/airflow/dags/extraction_dag.py", line 6, in <module>
    from scripts.constants import BASE_URL
ModuleNotFoundError: No module named 'scripts.constants'
[2026-09-20T10:53:33.815+0000] {processor.py:842} WARNING - No viable dags retrieved from /opt/airflow/dags/extraction_dag.py
[2026-09-20T10:53:33.842+0000] {processor.py:183} INFO - Processing /opt/airflow/dags/extraction_dag.py took 0.050 seconds
[2026-09-20T10:54:03.909+0000] {processor.py:161} INFO - Started process (PID=70) to work on /opt/airflow/dags/extraction_dag.py
[2026-09-20T10:54:03.915+0000] {processor.py:830} INFO - Processing file /opt/airflow/dags/extraction_dag.py for tasks to queue
[2026-09-20T10:54:03.918+0000] {logging_mixin.py:188} INFO - [2026-09-20T10:54:03.917+0000] {dagbag.py:545} INFO - Filling up the DagBag from /opt/airflow/dags/extraction_dag.py
[2026-09-20T10:54:03.921+0000] {logging_mixin.py:188} INFO - [2026-09-20T10:54:03.921+0000] {dagbag.py:355} ERROR - Failed to import: /opt/airflow/dags/extraction_dag.py
Traceback (most recent call last):
  File "/home/airflow/.local/lib/python3.10/site-packages/airflow/models/dagbag.py", line 351, in parse
    loader.exec_module(new_module)
  File "<frozen importlib._bootstrap_external>", line 883, in exec_module
  File "<frozen importlib._bootstrap>", line 241, in _call_with_frames_removed
  File "/opt/airflow/dags/extraction_dag.py", line 6, in <module>
    from scripts.constants import BASE_URL
ModuleNotFoundError: No module named 'scripts.constants'
[2026-09-20T10:54:03.922+0000] {processor.py:842} WARNING - No viable dags retrieved from /opt/airflow/dags/extraction_dag.py
[2026-09-20T10:54:03.952+0000] {processor.py:183} INFO - Processing /opt/airflow/dags/extraction_dag.py took 0.050 seconds
[2026-09-20T10:54:34.989+0000] {processor.py:161} INFO - Started process (PID=77) to work on /opt/airflow/dags/extraction_dag.py
[2026-09-20T10:54:34.994+0000] {processor.py:830} INFO - Processing file /opt/airflow/dags/extraction_dag.py for tasks to queue
[2026-09-20T10:54:34.998+0000] {logging_mixin.py:188} INFO - [2026-09-20T10:54:34.997+0000] {dagbag.py:545} INFO - Filling up the DagBag from /opt/airflow/dags/extraction_dag.py
[2026-09-20T10:54:35.013+0000] {logging_mixin.py:188} INFO - [2026-09-20T10:54:35.012+0000] {dagbag.py:355} ERROR - Failed to import: /opt/airflow/dags/extraction_dag.py
Traceback (most recent call last):
  File "/home/airflow/.local/lib/python3.10/site-packages/airflow/models/dagbag.py", line 351, in parse
    loader.exec_module(new_module)
  File "<frozen importlib._bootstrap_external>", line 883, in exec_module
  File "<frozen importlib._bootstrap>", line 241, in _call_with_frames_removed
  File "/opt/airflow/dags/extraction_dag.py", line 6, in <module>
    from scripts.constants import BASE_URL
ModuleNotFoundError: No module named 'scripts.constants'
[2026-09-20T10:54:35.014+0000] {processor.py:842} WARNING - No viable dags retrieved from /opt/airflow/dags/extraction_dag.py
[2026-09-20T10:54:35.061+0000] {processor.py:183} INFO - Processing /opt/airflow/dags/extraction_dag.py took 0.088 seconds
[2026-09-20T10:55:06.009+0000] {processor.py:161} INFO - Started process (PID=84) to work on /opt/airflow/dags/extraction_dag.py
[2026-09-20T10:55:06.015+0000] {processor.py:830} INFO - Processing file /opt/airflow/dags/extraction_dag.py for tasks to queue
[2026-09-20T10:55:06.017+0000] {logging_mixin.py:188} INFO - [2026-09-20T10:55:06.017+0000] {dagbag.py:545} INFO - Filling up the DagBag from /opt/airflow/dags/extraction_dag.py
[2026-09-20T10:55:06.024+0000] {logging_mixin.py:188} INFO - [2026-09-20T10:55:06.023+0000] {dagbag.py:355} ERROR - Failed to import: /opt/airflow/dags/extraction_dag.py
Traceback (most recent call last):
  File "/home/airflow/.local/lib/python3.10/site-packages/airflow/models/dagbag.py", line 351, in parse
    loader.exec_module(new_module)
  File "<frozen importlib._bootstrap_external>", line 883, in exec_module
  File "<frozen importlib._bootstrap>", line 241, in _call_with_frames_removed
  File "/opt/airflow/dags/extraction_dag.py", line 6, in <module>
    from scripts.constants import BASE_URL
ModuleNotFoundError: No module named 'scripts.constants'
[2026-09-20T10:55:06.025+0000] {processor.py:842} WARNING - No viable dags retrieved from /opt/airflow/dags/extraction_dag.py
[2026-09-20T10:55:06.068+0000] {processor.py:183} INFO - Processing /opt/airflow/dags/extraction_dag.py took 0.066 seconds
[2026-09-20T10:55:37.115+0000] {processor.py:161} INFO - Started process (PID=91) to work on /opt/airflow/dags/extraction_dag.py
[2026-09-20T10:55:37.117+0000] {processor.py:830} INFO - Processing file /opt/airflow/dags/extraction_dag.py for tasks to queue
[2026-09-20T10:55:37.120+0000] {logging_mixin.py:188} INFO - [2026-09-20T10:55:37.119+0000] {dagbag.py:545} INFO - Filling up the DagBag from /opt/airflow/dags/extraction_dag.py
[2026-09-20T10:55:37.123+0000] {logging_mixin.py:188} INFO - [2026-09-20T10:55:37.123+0000] {dagbag.py:355} ERROR - Failed to import: /opt/airflow/dags/extraction_dag.py
Traceback (most recent call last):
  File "/home/airflow/.local/lib/python3.10/site-packages/airflow/models/dagbag.py", line 351, in parse
    loader.exec_module(new_module)
  File "<frozen importlib._bootstrap_external>", line 883, in exec_module
  File "<frozen importlib._bootstrap>", line 241, in _call_with_frames_removed
  File "/opt/airflow/dags/extraction_dag.py", line 6, in <module>
    from scripts.constants import BASE_URL
ModuleNotFoundError: No module named 'scripts.constants'
[2026-09-20T10:55:37.124+0000] {processor.py:842} WARNING - No viable dags retrieved from /opt/airflow/dags/extraction_dag.py
[2026-09-20T10:55:37.148+0000] {processor.py:183} INFO - Processing /opt/airflow/dags/extraction_dag.py took 0.052 seconds
[2026-09-20T10:56:07.209+0000] {processor.py:161} INFO - Started process (PID=98) to work on /opt/airflow/dags/extraction_dag.py
[2026-09-20T10:56:07.210+0000] {processor.py:830} INFO - Processing file /opt/airflow/dags/extraction_dag.py for tasks to queue
[2026-09-20T10:56:07.213+0000] {logging_mixin.py:188} INFO - [2026-09-20T10:56:07.212+0000] {dagbag.py:545} INFO - Filling up the DagBag from /opt/airflow/dags/extraction_dag.py
[2026-09-20T10:56:07.217+0000] {logging_mixin.py:188} INFO - [2026-09-20T10:56:07.217+0000] {dagbag.py:355} ERROR - Failed to import: /opt/airflow/dags/extraction_dag.py
Traceback (most recent call last):
  File "/home/airflow/.local/lib/python3.10/site-packages/airflow/models/dagbag.py", line 351, in parse
    loader.exec_module(new_module)
  File "<frozen importlib._bootstrap_external>", line 883, in exec_module
  File "<frozen importlib._bootstrap>", line 241, in _call_with_frames_removed
  File "/opt/airflow/dags/extraction_dag.py", line 6, in <module>
    from scripts.constants import BASE_URL
ModuleNotFoundError: No module named 'scripts.constants'
[2026-09-20T10:56:07.218+0000] {processor.py:842} WARNING - No viable dags retrieved from /opt/airflow/dags/extraction_dag.py
[2026-09-20T10:56:07.241+0000] {processor.py:183} INFO - Processing /opt/airflow/dags/extraction_dag.py took 0.040 seconds
[2026-09-20T10:57:23.408+0000] {processor.py:161} INFO - Started process (PID=51) to work on /opt/airflow/dags/extraction_dag.py
[2026-09-20T10:57:23.411+0000] {processor.py:830} INFO - Processing file /opt/airflow/dags/extraction_dag.py for tasks to queue
[2026-09-20T10:57:23.413+0000] {logging_mixin.py:188} INFO - [2026-09-20T10:57:23.413+0000] {dagbag.py:545} INFO - Filling up the DagBag from /opt/airflow/dags/extraction_dag.py
[2026-09-20T10:57:23.419+0000] {logging_mixin.py:188} INFO - [2026-09-20T10:57:23.418+0000] {dagbag.py:355} ERROR - Failed to import: /opt/airflow/dags/extraction_dag.py
Traceback (most recent call last):
  File "/home/airflow/.local/lib/python3.10/site-packages/airflow/models/dagbag.py", line 351, in parse
    loader.exec_module(new_module)
  File "<frozen importlib._bootstrap_external>", line 883, in exec_module
  File "<frozen importlib._bootstrap>", line 241, in _call_with_frames_removed
  File "/opt/airflow/dags/extraction_dag.py", line 6, in <module>
    from scripts.constants import BASE_URL
ModuleNotFoundError: No module named 'scripts.constants'
[2026-09-20T10:57:23.420+0000] {processor.py:842} WARNING - No viable dags retrieved from /opt/airflow/dags/extraction_dag.py
[2026-09-20T10:57:23.451+0000] {processor.py:183} INFO - Processing /opt/airflow/dags/extraction_dag.py took 0.055 seconds
[2026-09-20T10:57:41.288+0000] {processor.py:161} INFO - Started process (PID=44) to work on /opt/airflow/dags/extraction_dag.py
[2026-09-20T10:57:41.290+0000] {processor.py:830} INFO - Processing file /opt/airflow/dags/extraction_dag.py for tasks to queue
[2026-09-20T10:57:41.295+0000] {logging_mixin.py:188} INFO - [2026-09-20T10:57:41.294+0000] {dagbag.py:545} INFO - Filling up the DagBag from /opt/airflow/dags/extraction_dag.py
[2026-09-20T10:57:41.300+0000] {logging_mixin.py:188} INFO - [2026-09-20T10:57:41.299+0000] {dagbag.py:355} ERROR - Failed to import: /opt/airflow/dags/extraction_dag.py
Traceback (most recent call last):
  File "/home/airflow/.local/lib/python3.10/site-packages/airflow/models/dagbag.py", line 351, in parse
    loader.exec_module(new_module)
  File "<frozen importlib._bootstrap_external>", line 883, in exec_module
  File "<frozen importlib._bootstrap>", line 241, in _call_with_frames_removed
  File "/opt/airflow/dags/extraction_dag.py", line 6, in <module>
    from scripts.constants import BASE_URL
ModuleNotFoundError: No module named 'scripts.constants'
[2026-09-20T10:57:41.301+0000] {processor.py:842} WARNING - No viable dags retrieved from /opt/airflow/dags/extraction_dag.py
[2026-09-20T10:57:41.334+0000] {processor.py:183} INFO - Processing /opt/airflow/dags/extraction_dag.py took 0.059 seconds
[2026-09-20T10:58:11.572+0000] {processor.py:161} INFO - Started process (PID=52) to work on /opt/airflow/dags/extraction_dag.py
[2026-09-20T10:58:11.574+0000] {processor.py:830} INFO - Processing file /opt/airflow/dags/extraction_dag.py for tasks to queue
[2026-09-20T10:58:11.576+0000] {logging_mixin.py:188} INFO - [2026-09-20T10:58:11.576+0000] {dagbag.py:545} INFO - Filling up the DagBag from /opt/airflow/dags/extraction_dag.py
[2026-09-20T10:58:11.580+0000] {logging_mixin.py:188} INFO - [2026-09-20T10:58:11.579+0000] {dagbag.py:355} ERROR - Failed to import: /opt/airflow/dags/extraction_dag.py
Traceback (most recent call last):
  File "/home/airflow/.local/lib/python3.10/site-packages/airflow/models/dagbag.py", line 351, in parse
    loader.exec_module(new_module)
  File "<frozen importlib._bootstrap_external>", line 883, in exec_module
  File "<frozen importlib._bootstrap>", line 241, in _call_with_frames_removed
  File "/opt/airflow/dags/extraction_dag.py", line 6, in <module>
    from scripts.constants import BASE_URL
ModuleNotFoundError: No module named 'scripts.constants'
[2026-09-20T10:58:11.581+0000] {processor.py:842} WARNING - No viable dags retrieved from /opt/airflow/dags/extraction_dag.py
[2026-09-20T10:58:11.609+0000] {processor.py:183} INFO - Processing /opt/airflow/dags/extraction_dag.py took 0.047 seconds
[2026-09-20T10:59:03.773+0000] {processor.py:161} INFO - Started process (PID=51) to work on /opt/airflow/dags/extraction_dag.py
[2026-09-20T10:59:03.776+0000] {processor.py:830} INFO - Processing file /opt/airflow/dags/extraction_dag.py for tasks to queue
[2026-09-20T10:59:03.780+0000] {logging_mixin.py:188} INFO - [2026-09-20T10:59:03.779+0000] {dagbag.py:545} INFO - Filling up the DagBag from /opt/airflow/dags/extraction_dag.py
[2026-09-20T10:59:03.805+0000] {processor.py:840} INFO - DAG(s) 'data_extraction' retrieved from /opt/airflow/dags/extraction_dag.py
[2026-09-20T10:59:04.206+0000] {logging_mixin.py:188} INFO - [2026-09-20T10:59:04.205+0000] {override.py:1829} INFO - Created Permission View: can read on DAG:data_extraction
[2026-09-20T10:59:04.222+0000] {logging_mixin.py:188} INFO - [2026-09-20T10:59:04.222+0000] {override.py:1829} INFO - Created Permission View: can edit on DAG:data_extraction
[2026-09-20T10:59:04.232+0000] {logging_mixin.py:188} INFO - [2026-09-20T10:59:04.232+0000] {override.py:1829} INFO - Created Permission View: can delete on DAG:data_extraction
[2026-09-20T10:59:04.233+0000] {logging_mixin.py:188} INFO - [2026-09-20T10:59:04.233+0000] {dag.py:3096} INFO - Sync 1 DAGs
[2026-09-20T10:59:04.251+0000] {logging_mixin.py:188} INFO - [2026-09-20T10:59:04.250+0000] {dag.py:3118} INFO - Creating ORM DAG for data_extraction
[2026-09-20T10:59:04.266+0000] {logging_mixin.py:188} INFO - [2026-09-20T10:59:04.266+0000] {dag.py:3954} INFO - Setting next_dagrun for data_extraction to 2026-09-19 00:00:00+00:00, run_after=2026-09-20 00:00:00+00:00
[2026-09-20T10:59:04.294+0000] {processor.py:183} INFO - Processing /opt/airflow/dags/extraction_dag.py took 0.535 seconds
[2026-09-20T10:59:34.506+0000] {processor.py:161} INFO - Started process (PID=64) to work on /opt/airflow/dags/extraction_dag.py
[2026-09-20T10:59:34.508+0000] {processor.py:830} INFO - Processing file /opt/airflow/dags/extraction_dag.py for tasks to queue
[2026-09-20T10:59:34.512+0000] {logging_mixin.py:188} INFO - [2026-09-20T10:59:34.512+0000] {dagbag.py:545} INFO - Filling up the DagBag from /opt/airflow/dags/extraction_dag.py
[2026-09-20T10:59:34.535+0000] {processor.py:840} INFO - DAG(s) 'data_extraction' retrieved from /opt/airflow/dags/extraction_dag.py
[2026-09-20T10:59:34.579+0000] {logging_mixin.py:188} INFO - [2026-09-20T10:59:34.578+0000] {dag.py:3096} INFO - Sync 1 DAGs
[2026-09-20T10:59:34.621+0000] {logging_mixin.py:188} INFO - [2026-09-20T10:59:34.621+0000] {dag.py:3954} INFO - Setting next_dagrun for data_extraction to 2026-09-19 00:00:00+00:00, run_after=2026-09-20 00:00:00+00:00
[2026-09-20T10:59:34.649+0000] {processor.py:183} INFO - Processing /opt/airflow/dags/extraction_dag.py took 0.153 seconds
[2026-09-20T11:00:04.957+0000] {processor.py:161} INFO - Started process (PID=72) to work on /opt/airflow/dags/extraction_dag.py
[2026-09-20T11:00:04.959+0000] {processor.py:830} INFO - Processing file /opt/airflow/dags/extraction_dag.py for tasks to queue
[2026-09-20T11:00:04.962+0000] {logging_mixin.py:188} INFO - [2026-09-20T11:00:04.962+0000] {dagbag.py:545} INFO - Filling up the DagBag from /opt/airflow/dags/extraction_dag.py
[2026-09-20T11:00:05.027+0000] {processor.py:840} INFO - DAG(s) 'data_extraction' retrieved from /opt/airflow/dags/extraction_dag.py
[2026-09-20T11:00:05.065+0000] {logging_mixin.py:188} INFO - [2026-09-20T11:00:05.065+0000] {dag.py:3096} INFO - Sync 1 DAGs
[2026-09-20T11:00:05.089+0000] {logging_mixin.py:188} INFO - [2026-09-20T11:00:05.089+0000] {dag.py:3954} INFO - Setting next_dagrun for data_extraction to 2026-09-19 00:00:00+00:00, run_after=2026-09-20 00:00:00+00:00
[2026-09-20T11:00:05.109+0000] {processor.py:183} INFO - Processing /opt/airflow/dags/extraction_dag.py took 0.179 seconds
[2026-09-20T11:00:35.796+0000] {processor.py:161} INFO - Started process (PID=81) to work on /opt/airflow/dags/extraction_dag.py
[2026-09-20T11:00:35.798+0000] {processor.py:830} INFO - Processing file /opt/airflow/dags/extraction_dag.py for tasks to queue
[2026-09-20T11:00:35.801+0000] {logging_mixin.py:188} INFO - [2026-09-20T11:00:35.800+0000] {dagbag.py:545} INFO - Filling up the DagBag from /opt/airflow/dags/extraction_dag.py
[2026-09-20T11:00:35.828+0000] {processor.py:840} INFO - DAG(s) 'data_extraction' retrieved from /opt/airflow/dags/extraction_dag.py
[2026-09-20T11:00:35.892+0000] {logging_mixin.py:188} INFO - [2026-09-20T11:00:35.891+0000] {dag.py:3096} INFO - Sync 1 DAGs
[2026-09-20T11:00:35.939+0000] {logging_mixin.py:188} INFO - [2026-09-20T11:00:35.939+0000] {dag.py:3954} INFO - Setting next_dagrun for data_extraction to 2026-09-19 00:00:00+00:00, run_after=2026-09-20 00:00:00+00:00
[2026-09-20T11:00:35.963+0000] {processor.py:183} INFO - Processing /opt/airflow/dags/extraction_dag.py took 0.179 seconds
[2026-09-20T11:01:06.583+0000] {processor.py:161} INFO - Started process (PID=89) to work on /opt/airflow/dags/extraction_dag.py
[2026-09-20T11:01:06.584+0000] {processor.py:830} INFO - Processing file /opt/airflow/dags/extraction_dag.py for tasks to queue
[2026-09-20T11:01:06.586+0000] {logging_mixin.py:188} INFO - [2026-09-20T11:01:06.586+0000] {dagbag.py:545} INFO - Filling up the DagBag from /opt/airflow/dags/extraction_dag.py
[2026-09-20T11:01:06.601+0000] {processor.py:840} INFO - DAG(s) 'data_extraction' retrieved from /opt/airflow/dags/extraction_dag.py
[2026-09-20T11:01:06.631+0000] {logging_mixin.py:188} INFO - [2026-09-20T11:01:06.630+0000] {dag.py:3096} INFO - Sync 1 DAGs
[2026-09-20T11:01:06.655+0000] {logging_mixin.py:188} INFO - [2026-09-20T11:01:06.655+0000] {dag.py:3954} INFO - Setting next_dagrun for data_extraction to 2026-09-19 00:00:00+00:00, run_after=2026-09-20 00:00:00+00:00
[2026-09-20T11:01:06.678+0000] {processor.py:183} INFO - Processing /opt/airflow/dags/extraction_dag.py took 0.102 seconds
[2026-09-20T11:01:37.216+0000] {processor.py:161} INFO - Started process (PID=97) to work on /opt/airflow/dags/extraction_dag.py
[2026-09-20T11:01:37.218+0000] {processor.py:830} INFO - Processing file /opt/airflow/dags/extraction_dag.py for tasks to queue
[2026-09-20T11:01:37.221+0000] {logging_mixin.py:188} INFO - [2026-09-20T11:01:37.220+0000] {dagbag.py:545} INFO - Filling up the DagBag from /opt/airflow/dags/extraction_dag.py
[2026-09-20T11:01:37.239+0000] {processor.py:840} INFO - DAG(s) 'data_extraction' retrieved from /opt/airflow/dags/extraction_dag.py
[2026-09-20T11:01:37.276+0000] {logging_mixin.py:188} INFO - [2026-09-20T11:01:37.276+0000] {dag.py:3096} INFO - Sync 1 DAGs
[2026-09-20T11:01:37.303+0000] {logging_mixin.py:188} INFO - [2026-09-20T11:01:37.303+0000] {dag.py:3954} INFO - Setting next_dagrun for data_extraction to 2026-09-19 00:00:00+00:00, run_after=2026-09-20 00:00:00+00:00
[2026-09-20T11:01:37.330+0000] {processor.py:183} INFO - Processing /opt/airflow/dags/extraction_dag.py took 0.127 seconds
[2026-09-20T11:02:08.365+0000] {processor.py:161} INFO - Started process (PID=105) to work on /opt/airflow/dags/extraction_dag.py
[2026-09-20T11:02:08.367+0000] {processor.py:830} INFO - Processing file /opt/airflow/dags/extraction_dag.py for tasks to queue
[2026-09-20T11:02:08.369+0000] {logging_mixin.py:188} INFO - [2026-09-20T11:02:08.369+0000] {dagbag.py:545} INFO - Filling up the DagBag from /opt/airflow/dags/extraction_dag.py
[2026-09-20T11:02:08.389+0000] {processor.py:840} INFO - DAG(s) 'data_extraction' retrieved from /opt/airflow/dags/extraction_dag.py
[2026-09-20T11:02:08.426+0000] {logging_mixin.py:188} INFO - [2026-09-20T11:02:08.425+0000] {dag.py:3096} INFO - Sync 1 DAGs
[2026-09-20T11:02:08.462+0000] {logging_mixin.py:188} INFO - [2026-09-20T11:02:08.462+0000] {dag.py:3954} INFO - Setting next_dagrun for data_extraction to 2026-09-19 00:00:00+00:00, run_after=2026-09-20 00:00:00+00:00
[2026-09-20T11:02:08.492+0000] {processor.py:183} INFO - Processing /opt/airflow/dags/extraction_dag.py took 0.139 seconds
[2026-09-20T11:02:38.642+0000] {processor.py:161} INFO - Started process (PID=113) to work on /opt/airflow/dags/extraction_dag.py
[2026-09-20T11:02:38.644+0000] {processor.py:830} INFO - Processing file /opt/airflow/dags/extraction_dag.py for tasks to queue
[2026-09-20T11:02:38.649+0000] {logging_mixin.py:188} INFO - [2026-09-20T11:02:38.648+0000] {dagbag.py:545} INFO - Filling up the DagBag from /opt/airflow/dags/extraction_dag.py
[2026-09-20T11:02:38.678+0000] {processor.py:840} INFO - DAG(s) 'data_extraction' retrieved from /opt/airflow/dags/extraction_dag.py
[2026-09-20T11:02:38.716+0000] {logging_mixin.py:188} INFO - [2026-09-20T11:02:38.715+0000] {dag.py:3096} INFO - Sync 1 DAGs
[2026-09-20T11:02:38.748+0000] {logging_mixin.py:188} INFO - [2026-09-20T11:02:38.748+0000] {dag.py:3954} INFO - Setting next_dagrun for data_extraction to 2026-09-19 00:00:00+00:00, run_after=2026-09-20 00:00:00+00:00
[2026-09-20T11:02:38.785+0000] {processor.py:183} INFO - Processing /opt/airflow/dags/extraction_dag.py took 0.155 seconds
[2026-09-20T11:03:08.994+0000] {processor.py:161} INFO - Started process (PID=122) to work on /opt/airflow/dags/extraction_dag.py
[2026-09-20T11:03:08.996+0000] {processor.py:830} INFO - Processing file /opt/airflow/dags/extraction_dag.py for tasks to queue
[2026-09-20T11:03:08.999+0000] {logging_mixin.py:188} INFO - [2026-09-20T11:03:08.998+0000] {dagbag.py:545} INFO - Filling up the DagBag from /opt/airflow/dags/extraction_dag.py
[2026-09-20T11:03:09.015+0000] {processor.py:840} INFO - DAG(s) 'data_extraction' retrieved from /opt/airflow/dags/extraction_dag.py
[2026-09-20T11:03:09.044+0000] {logging_mixin.py:188} INFO - [2026-09-20T11:03:09.044+0000] {dag.py:3096} INFO - Sync 1 DAGs
[2026-09-20T11:03:09.068+0000] {logging_mixin.py:188} INFO - [2026-09-20T11:03:09.067+0000] {dag.py:3954} INFO - Setting next_dagrun for data_extraction to 2026-09-19 00:00:00+00:00, run_after=2026-09-20 00:00:00+00:00
[2026-09-20T11:03:09.104+0000] {processor.py:183} INFO - Processing /opt/airflow/dags/extraction_dag.py took 0.116 seconds
[2026-09-20T11:03:39.885+0000] {processor.py:161} INFO - Started process (PID=130) to work on /opt/airflow/dags/extraction_dag.py
[2026-09-20T11:03:39.887+0000] {processor.py:830} INFO - Processing file /opt/airflow/dags/extraction_dag.py for tasks to queue
[2026-09-20T11:03:39.889+0000] {logging_mixin.py:188} INFO - [2026-09-20T11:03:39.889+0000] {dagbag.py:545} INFO - Filling up the DagBag from /opt/airflow/dags/extraction_dag.py
[2026-09-20T11:03:39.909+0000] {processor.py:840} INFO - DAG(s) 'data_extraction' retrieved from /opt/airflow/dags/extraction_dag.py
[2026-09-20T11:03:39.940+0000] {logging_mixin.py:188} INFO - [2026-09-20T11:03:39.940+0000] {dag.py:3096} INFO - Sync 1 DAGs
[2026-09-20T11:03:39.967+0000] {logging_mixin.py:188} INFO - [2026-09-20T11:03:39.966+0000] {dag.py:3954} INFO - Setting next_dagrun for data_extraction to 2026-09-19 00:00:00+00:00, run_after=2026-09-20 00:00:00+00:00
[2026-09-20T11:03:39.990+0000] {processor.py:183} INFO - Processing /opt/airflow/dags/extraction_dag.py took 0.116 seconds
[2026-09-20T11:04:11.021+0000] {processor.py:161} INFO - Started process (PID=138) to work on /opt/airflow/dags/extraction_dag.py
[2026-09-20T11:04:11.023+0000] {processor.py:830} INFO - Processing file /opt/airflow/dags/extraction_dag.py for tasks to queue
[2026-09-20T11:04:11.025+0000] {logging_mixin.py:188} INFO - [2026-09-20T11:04:11.025+0000] {dagbag.py:545} INFO - Filling up the DagBag from /opt/airflow/dags/extraction_dag.py
[2026-09-20T11:04:11.041+0000] {processor.py:840} INFO - DAG(s) 'data_extraction' retrieved from /opt/airflow/dags/extraction_dag.py
[2026-09-20T11:04:11.071+0000] {logging_mixin.py:188} INFO - [2026-09-20T11:04:11.071+0000] {dag.py:3096} INFO - Sync 1 DAGs
[2026-09-20T11:04:11.099+0000] {logging_mixin.py:188} INFO - [2026-09-20T11:04:11.098+0000] {dag.py:3954} INFO - Setting next_dagrun for data_extraction to 2026-09-19 00:00:00+00:00, run_after=2026-09-20 00:00:00+00:00
[2026-09-20T11:04:11.119+0000] {processor.py:183} INFO - Processing /opt/airflow/dags/extraction_dag.py took 0.106 seconds
[2026-09-20T11:04:41.192+0000] {processor.py:161} INFO - Started process (PID=146) to work on /opt/airflow/dags/extraction_dag.py
[2026-09-20T11:04:41.193+0000] {processor.py:830} INFO - Processing file /opt/airflow/dags/extraction_dag.py for tasks to queue
[2026-09-20T11:04:41.195+0000] {logging_mixin.py:188} INFO - [2026-09-20T11:04:41.195+0000] {dagbag.py:545} INFO - Filling up the DagBag from /opt/airflow/dags/extraction_dag.py
[2026-09-20T11:04:41.214+0000] {processor.py:840} INFO - DAG(s) 'data_extraction' retrieved from /opt/airflow/dags/extraction_dag.py
[2026-09-20T11:04:41.248+0000] {logging_mixin.py:188} INFO - [2026-09-20T11:04:41.247+0000] {dag.py:3096} INFO - Sync 1 DAGs
[2026-09-20T11:04:41.280+0000] {logging_mixin.py:188} INFO - [2026-09-20T11:04:41.279+0000] {dag.py:3954} INFO - Setting next_dagrun for data_extraction to 2026-09-19 00:00:00+00:00, run_after=2026-09-20 00:00:00+00:00
[2026-09-20T11:04:41.308+0000] {processor.py:183} INFO - Processing /opt/airflow/dags/extraction_dag.py took 0.127 seconds
[2026-09-20T11:05:11.397+0000] {processor.py:161} INFO - Started process (PID=154) to work on /opt/airflow/dags/extraction_dag.py
[2026-09-20T11:05:11.400+0000] {processor.py:830} INFO - Processing file /opt/airflow/dags/extraction_dag.py for tasks to queue
[2026-09-20T11:05:11.403+0000] {logging_mixin.py:188} INFO - [2026-09-20T11:05:11.402+0000] {dagbag.py:545} INFO - Filling up the DagBag from /opt/airflow/dags/extraction_dag.py
[2026-09-20T11:05:11.421+0000] {processor.py:840} INFO - DAG(s) 'data_extraction' retrieved from /opt/airflow/dags/extraction_dag.py
[2026-09-20T11:05:11.455+0000] {logging_mixin.py:188} INFO - [2026-09-20T11:05:11.454+0000] {dag.py:3096} INFO - Sync 1 DAGs
[2026-09-20T11:05:11.489+0000] {logging_mixin.py:188} INFO - [2026-09-20T11:05:11.489+0000] {dag.py:3954} INFO - Setting next_dagrun for data_extraction to 2026-09-19 00:00:00+00:00, run_after=2026-09-20 00:00:00+00:00
[2026-09-20T11:05:11.518+0000] {processor.py:183} INFO - Processing /opt/airflow/dags/extraction_dag.py took 0.133 seconds
[2026-09-20T11:05:41.654+0000] {processor.py:161} INFO - Started process (PID=162) to work on /opt/airflow/dags/extraction_dag.py
[2026-09-20T11:05:41.656+0000] {processor.py:830} INFO - Processing file /opt/airflow/dags/extraction_dag.py for tasks to queue
[2026-09-20T11:05:41.659+0000] {logging_mixin.py:188} INFO - [2026-09-20T11:05:41.658+0000] {dagbag.py:545} INFO - Filling up the DagBag from /opt/airflow/dags/extraction_dag.py
[2026-09-20T11:05:41.676+0000] {processor.py:840} INFO - DAG(s) 'data_extraction' retrieved from /opt/airflow/dags/extraction_dag.py
[2026-09-20T11:05:41.709+0000] {logging_mixin.py:188} INFO - [2026-09-20T11:05:41.709+0000] {dag.py:3096} INFO - Sync 1 DAGs
[2026-09-20T11:05:41.749+0000] {logging_mixin.py:188} INFO - [2026-09-20T11:05:41.749+0000] {dag.py:3954} INFO - Setting next_dagrun for data_extraction to 2026-09-19 00:00:00+00:00, run_after=2026-09-20 00:00:00+00:00
[2026-09-20T11:05:41.780+0000] {processor.py:183} INFO - Processing /opt/airflow/dags/extraction_dag.py took 0.135 seconds
[2026-09-20T11:06:11.892+0000] {processor.py:161} INFO - Started process (PID=170) to work on /opt/airflow/dags/extraction_dag.py
[2026-09-20T11:06:11.895+0000] {processor.py:830} INFO - Processing file /opt/airflow/dags/extraction_dag.py for tasks to queue
[2026-09-20T11:06:11.898+0000] {logging_mixin.py:188} INFO - [2026-09-20T11:06:11.897+0000] {dagbag.py:545} INFO - Filling up the DagBag from /opt/airflow/dags/extraction_dag.py
[2026-09-20T11:06:11.919+0000] {processor.py:840} INFO - DAG(s) 'data_extraction' retrieved from /opt/airflow/dags/extraction_dag.py
[2026-09-20T11:06:11.967+0000] {logging_mixin.py:188} INFO - [2026-09-20T11:06:11.966+0000] {dag.py:3096} INFO - Sync 1 DAGs
[2026-09-20T11:06:11.997+0000] {logging_mixin.py:188} INFO - [2026-09-20T11:06:11.997+0000] {dag.py:3954} INFO - Setting next_dagrun for data_extraction to 2026-09-19 00:00:00+00:00, run_after=2026-09-20 00:00:00+00:00
[2026-09-20T11:06:12.026+0000] {processor.py:183} INFO - Processing /opt/airflow/dags/extraction_dag.py took 0.148 seconds
[2026-09-20T11:06:42.240+0000] {processor.py:161} INFO - Started process (PID=178) to work on /opt/airflow/dags/extraction_dag.py
[2026-09-20T11:06:42.242+0000] {processor.py:830} INFO - Processing file /opt/airflow/dags/extraction_dag.py for tasks to queue
[2026-09-20T11:06:42.245+0000] {logging_mixin.py:188} INFO - [2026-09-20T11:06:42.245+0000] {dagbag.py:545} INFO - Filling up the DagBag from /opt/airflow/dags/extraction_dag.py
[2026-09-20T11:06:42.266+0000] {processor.py:840} INFO - DAG(s) 'data_extraction' retrieved from /opt/airflow/dags/extraction_dag.py
[2026-09-20T11:06:42.305+0000] {logging_mixin.py:188} INFO - [2026-09-20T11:06:42.305+0000] {dag.py:3096} INFO - Sync 1 DAGs
[2026-09-20T11:06:42.341+0000] {logging_mixin.py:188} INFO - [2026-09-20T11:06:42.341+0000] {dag.py:3954} INFO - Setting next_dagrun for data_extraction to 2026-09-19 00:00:00+00:00, run_after=2026-09-20 00:00:00+00:00
[2026-09-20T11:06:42.373+0000] {processor.py:183} INFO - Processing /opt/airflow/dags/extraction_dag.py took 0.146 seconds
[2026-09-20T11:07:12.507+0000] {processor.py:161} INFO - Started process (PID=186) to work on /opt/airflow/dags/extraction_dag.py
[2026-09-20T11:07:12.509+0000] {processor.py:830} INFO - Processing file /opt/airflow/dags/extraction_dag.py for tasks to queue
[2026-09-20T11:07:12.512+0000] {logging_mixin.py:188} INFO - [2026-09-20T11:07:12.511+0000] {dagbag.py:545} INFO - Filling up the DagBag from /opt/airflow/dags/extraction_dag.py
[2026-09-20T11:07:12.535+0000] {processor.py:840} INFO - DAG(s) 'data_extraction' retrieved from /opt/airflow/dags/extraction_dag.py
[2026-09-20T11:07:12.572+0000] {logging_mixin.py:188} INFO - [2026-09-20T11:07:12.572+0000] {dag.py:3096} INFO - Sync 1 DAGs
[2026-09-20T11:07:12.607+0000] {logging_mixin.py:188} INFO - [2026-09-20T11:07:12.607+0000] {dag.py:3954} INFO - Setting next_dagrun for data_extraction to 2026-09-19 00:00:00+00:00, run_after=2026-09-20 00:00:00+00:00
[2026-09-20T11:07:12.637+0000] {processor.py:183} INFO - Processing /opt/airflow/dags/extraction_dag.py took 0.150 seconds
[2026-09-20T11:07:42.747+0000] {processor.py:161} INFO - Started process (PID=194) to work on /opt/airflow/dags/extraction_dag.py
[2026-09-20T11:07:42.749+0000] {processor.py:830} INFO - Processing file /opt/airflow/dags/extraction_dag.py for tasks to queue
[2026-09-20T11:07:42.752+0000] {logging_mixin.py:188} INFO - [2026-09-20T11:07:42.752+0000] {dagbag.py:545} INFO - Filling up the DagBag from /opt/airflow/dags/extraction_dag.py
[2026-09-20T11:07:42.770+0000] {processor.py:840} INFO - DAG(s) 'data_extraction' retrieved from /opt/airflow/dags/extraction_dag.py
[2026-09-20T11:07:42.810+0000] {logging_mixin.py:188} INFO - [2026-09-20T11:07:42.810+0000] {dag.py:3096} INFO - Sync 1 DAGs
[2026-09-20T11:07:42.847+0000] {logging_mixin.py:188} INFO - [2026-09-20T11:07:42.847+0000] {dag.py:3954} INFO - Setting next_dagrun for data_extraction to 2026-09-19 00:00:00+00:00, run_after=2026-09-20 00:00:00+00:00
[2026-09-20T11:07:42.880+0000] {processor.py:183} INFO - Processing /opt/airflow/dags/extraction_dag.py took 0.141 seconds
[2026-09-20T11:08:13.098+0000] {processor.py:161} INFO - Started process (PID=202) to work on /opt/airflow/dags/extraction_dag.py
[2026-09-20T11:08:13.100+0000] {processor.py:830} INFO - Processing file /opt/airflow/dags/extraction_dag.py for tasks to queue
[2026-09-20T11:08:13.103+0000] {logging_mixin.py:188} INFO - [2026-09-20T11:08:13.102+0000] {dagbag.py:545} INFO - Filling up the DagBag from /opt/airflow/dags/extraction_dag.py
[2026-09-20T11:08:13.122+0000] {processor.py:840} INFO - DAG(s) 'data_extraction' retrieved from /opt/airflow/dags/extraction_dag.py
[2026-09-20T11:08:13.158+0000] {logging_mixin.py:188} INFO - [2026-09-20T11:08:13.158+0000] {dag.py:3096} INFO - Sync 1 DAGs
[2026-09-20T11:08:13.193+0000] {logging_mixin.py:188} INFO - [2026-09-20T11:08:13.192+0000] {dag.py:3954} INFO - Setting next_dagrun for data_extraction to 2026-09-19 00:00:00+00:00, run_after=2026-09-20 00:00:00+00:00
[2026-09-20T11:08:13.220+0000] {processor.py:183} INFO - Processing /opt/airflow/dags/extraction_dag.py took 0.133 seconds
[2026-09-20T11:08:43.352+0000] {processor.py:161} INFO - Started process (PID=217) to work on /opt/airflow/dags/extraction_dag.py
[2026-09-20T11:08:43.355+0000] {processor.py:830} INFO - Processing file /opt/airflow/dags/extraction_dag.py for tasks to queue
[2026-09-20T11:08:43.359+0000] {logging_mixin.py:188} INFO - [2026-09-20T11:08:43.358+0000] {dagbag.py:545} INFO - Filling up the DagBag from /opt/airflow/dags/extraction_dag.py
[2026-09-20T11:08:43.382+0000] {processor.py:840} INFO - DAG(s) 'data_extraction' retrieved from /opt/airflow/dags/extraction_dag.py
[2026-09-20T11:08:43.425+0000] {logging_mixin.py:188} INFO - [2026-09-20T11:08:43.424+0000] {dag.py:3096} INFO - Sync 1 DAGs
[2026-09-20T11:08:43.461+0000] {logging_mixin.py:188} INFO - [2026-09-20T11:08:43.461+0000] {dag.py:3954} INFO - Setting next_dagrun for data_extraction to 2026-09-19 00:00:00+00:00, run_after=2026-09-20 00:00:00+00:00
[2026-09-20T11:08:43.485+0000] {processor.py:183} INFO - Processing /opt/airflow/dags/extraction_dag.py took 0.145 seconds
[2026-09-20T11:09:13.547+0000] {processor.py:161} INFO - Started process (PID=225) to work on /opt/airflow/dags/extraction_dag.py
[2026-09-20T11:09:13.549+0000] {processor.py:830} INFO - Processing file /opt/airflow/dags/extraction_dag.py for tasks to queue
[2026-09-20T11:09:13.553+0000] {logging_mixin.py:188} INFO - [2026-09-20T11:09:13.552+0000] {dagbag.py:545} INFO - Filling up the DagBag from /opt/airflow/dags/extraction_dag.py
[2026-09-20T11:09:13.577+0000] {processor.py:840} INFO - DAG(s) 'data_extraction' retrieved from /opt/airflow/dags/extraction_dag.py
[2026-09-20T11:09:13.626+0000] {logging_mixin.py:188} INFO - [2026-09-20T11:09:13.625+0000] {dag.py:3096} INFO - Sync 1 DAGs
[2026-09-20T11:09:13.662+0000] {logging_mixin.py:188} INFO - [2026-09-20T11:09:13.662+0000] {dag.py:3954} INFO - Setting next_dagrun for data_extraction to 2026-09-19 00:00:00+00:00, run_after=2026-09-20 00:00:00+00:00
[2026-09-20T11:09:13.695+0000] {processor.py:183} INFO - Processing /opt/airflow/dags/extraction_dag.py took 0.164 seconds
[2026-09-20T11:09:43.828+0000] {processor.py:161} INFO - Started process (PID=233) to work on /opt/airflow/dags/extraction_dag.py
[2026-09-20T11:09:43.831+0000] {processor.py:830} INFO - Processing file /opt/airflow/dags/extraction_dag.py for tasks to queue
[2026-09-20T11:09:43.834+0000] {logging_mixin.py:188} INFO - [2026-09-20T11:09:43.833+0000] {dagbag.py:545} INFO - Filling up the DagBag from /opt/airflow/dags/extraction_dag.py
[2026-09-20T11:09:43.864+0000] {processor.py:840} INFO - DAG(s) 'data_extraction' retrieved from /opt/airflow/dags/extraction_dag.py
[2026-09-20T11:09:43.924+0000] {logging_mixin.py:188} INFO - [2026-09-20T11:09:43.924+0000] {dag.py:3096} INFO - Sync 1 DAGs
[2026-09-20T11:09:43.966+0000] {logging_mixin.py:188} INFO - [2026-09-20T11:09:43.966+0000] {dag.py:3954} INFO - Setting next_dagrun for data_extraction to 2026-09-19 00:00:00+00:00, run_after=2026-09-20 00:00:00+00:00
[2026-09-20T11:09:44.000+0000] {processor.py:183} INFO - Processing /opt/airflow/dags/extraction_dag.py took 0.186 seconds
[2026-09-20T11:10:14.170+0000] {processor.py:161} INFO - Started process (PID=241) to work on /opt/airflow/dags/extraction_dag.py
[2026-09-20T11:10:14.172+0000] {processor.py:830} INFO - Processing file /opt/airflow/dags/extraction_dag.py for tasks to queue
[2026-09-20T11:10:14.174+0000] {logging_mixin.py:188} INFO - [2026-09-20T11:10:14.174+0000] {dagbag.py:545} INFO - Filling up the DagBag from /opt/airflow/dags/extraction_dag.py
[2026-09-20T11:10:14.203+0000] {processor.py:840} INFO - DAG(s) 'data_extraction' retrieved from /opt/airflow/dags/extraction_dag.py
[2026-09-20T11:10:14.251+0000] {logging_mixin.py:188} INFO - [2026-09-20T11:10:14.250+0000] {dag.py:3096} INFO - Sync 1 DAGs
[2026-09-20T11:10:14.282+0000] {logging_mixin.py:188} INFO - [2026-09-20T11:10:14.282+0000] {dag.py:3954} INFO - Setting next_dagrun for data_extraction to 2026-09-19 00:00:00+00:00, run_after=2026-09-20 00:00:00+00:00
[2026-09-20T11:10:14.310+0000] {processor.py:183} INFO - Processing /opt/airflow/dags/extraction_dag.py took 0.159 seconds
[2026-09-20T11:10:44.500+0000] {processor.py:161} INFO - Started process (PID=249) to work on /opt/airflow/dags/extraction_dag.py
[2026-09-20T11:10:44.503+0000] {processor.py:830} INFO - Processing file /opt/airflow/dags/extraction_dag.py for tasks to queue
[2026-09-20T11:10:44.506+0000] {logging_mixin.py:188} INFO - [2026-09-20T11:10:44.505+0000] {dagbag.py:545} INFO - Filling up the DagBag from /opt/airflow/dags/extraction_dag.py
[2026-09-20T11:10:44.530+0000] {processor.py:840} INFO - DAG(s) 'data_extraction' retrieved from /opt/airflow/dags/extraction_dag.py
[2026-09-20T11:10:44.588+0000] {logging_mixin.py:188} INFO - [2026-09-20T11:10:44.587+0000] {dag.py:3096} INFO - Sync 1 DAGs
[2026-09-20T11:10:44.640+0000] {logging_mixin.py:188} INFO - [2026-09-20T11:10:44.638+0000] {dag.py:3954} INFO - Setting next_dagrun for data_extraction to 2026-09-19 00:00:00+00:00, run_after=2026-09-20 00:00:00+00:00
[2026-09-20T11:10:44.689+0000] {processor.py:183} INFO - Processing /opt/airflow/dags/extraction_dag.py took 0.202 seconds
[2026-09-20T11:11:14.821+0000] {processor.py:161} INFO - Started process (PID=258) to work on /opt/airflow/dags/extraction_dag.py
[2026-09-20T11:11:14.824+0000] {processor.py:830} INFO - Processing file /opt/airflow/dags/extraction_dag.py for tasks to queue
[2026-09-20T11:11:14.828+0000] {logging_mixin.py:188} INFO - [2026-09-20T11:11:14.828+0000] {dagbag.py:545} INFO - Filling up the DagBag from /opt/airflow/dags/extraction_dag.py
[2026-09-20T11:11:14.864+0000] {processor.py:840} INFO - DAG(s) 'data_extraction' retrieved from /opt/airflow/dags/extraction_dag.py
[2026-09-20T11:11:14.915+0000] {logging_mixin.py:188} INFO - [2026-09-20T11:11:14.915+0000] {dag.py:3096} INFO - Sync 1 DAGs
[2026-09-20T11:11:14.951+0000] {logging_mixin.py:188} INFO - [2026-09-20T11:11:14.950+0000] {dag.py:3954} INFO - Setting next_dagrun for data_extraction to 2026-09-19 00:00:00+00:00, run_after=2026-09-20 00:00:00+00:00
[2026-09-20T11:11:14.983+0000] {processor.py:183} INFO - Processing /opt/airflow/dags/extraction_dag.py took 0.175 seconds
[2026-09-20T11:11:45.107+0000] {processor.py:161} INFO - Started process (PID=267) to work on /opt/airflow/dags/extraction_dag.py
[2026-09-20T11:11:45.109+0000] {processor.py:830} INFO - Processing file /opt/airflow/dags/extraction_dag.py for tasks to queue
[2026-09-20T11:11:45.112+0000] {logging_mixin.py:188} INFO - [2026-09-20T11:11:45.112+0000] {dagbag.py:545} INFO - Filling up the DagBag from /opt/airflow/dags/extraction_dag.py
[2026-09-20T11:11:45.136+0000] {processor.py:840} INFO - DAG(s) 'data_extraction' retrieved from /opt/airflow/dags/extraction_dag.py
[2026-09-20T11:11:45.182+0000] {logging_mixin.py:188} INFO - [2026-09-20T11:11:45.181+0000] {dag.py:3096} INFO - Sync 1 DAGs
[2026-09-20T11:11:45.214+0000] {logging_mixin.py:188} INFO - [2026-09-20T11:11:45.213+0000] {dag.py:3954} INFO - Setting next_dagrun for data_extraction to 2026-09-19 00:00:00+00:00, run_after=2026-09-20 00:00:00+00:00
[2026-09-20T11:11:45.238+0000] {processor.py:183} INFO - Processing /opt/airflow/dags/extraction_dag.py took 0.147 seconds
[2026-09-20T11:12:15.404+0000] {processor.py:161} INFO - Started process (PID=275) to work on /opt/airflow/dags/extraction_dag.py
[2026-09-20T11:12:15.405+0000] {processor.py:830} INFO - Processing file /opt/airflow/dags/extraction_dag.py for tasks to queue
[2026-09-20T11:12:15.410+0000] {logging_mixin.py:188} INFO - [2026-09-20T11:12:15.409+0000] {dagbag.py:545} INFO - Filling up the DagBag from /opt/airflow/dags/extraction_dag.py
[2026-09-20T11:12:15.436+0000] {processor.py:840} INFO - DAG(s) 'data_extraction' retrieved from /opt/airflow/dags/extraction_dag.py
[2026-09-20T11:12:15.480+0000] {logging_mixin.py:188} INFO - [2026-09-20T11:12:15.480+0000] {dag.py:3096} INFO - Sync 1 DAGs
[2026-09-20T11:12:15.513+0000] {logging_mixin.py:188} INFO - [2026-09-20T11:12:15.513+0000] {dag.py:3954} INFO - Setting next_dagrun for data_extraction to 2026-09-19 00:00:00+00:00, run_after=2026-09-20 00:00:00+00:00
[2026-09-20T11:12:15.542+0000] {processor.py:183} INFO - Processing /opt/airflow/dags/extraction_dag.py took 0.151 seconds
[2026-09-20T11:12:45.640+0000] {processor.py:161} INFO - Started process (PID=283) to work on /opt/airflow/dags/extraction_dag.py
[2026-09-20T11:12:45.644+0000] {processor.py:830} INFO - Processing file /opt/airflow/dags/extraction_dag.py for tasks to queue
[2026-09-20T11:12:45.647+0000] {logging_mixin.py:188} INFO - [2026-09-20T11:12:45.647+0000] {dagbag.py:545} INFO - Filling up the DagBag from /opt/airflow/dags/extraction_dag.py
[2026-09-20T11:12:45.134+0000] {processor.py:840} INFO - DAG(s) 'data_extraction' retrieved from /opt/airflow/dags/extraction_dag.py
[2026-09-20T11:12:45.179+0000] {logging_mixin.py:188} INFO - [2026-09-20T11:12:45.179+0000] {dag.py:3096} INFO - Sync 1 DAGs
[2026-09-20T11:12:45.217+0000] {logging_mixin.py:188} INFO - [2026-09-20T11:12:45.216+0000] {dag.py:3954} INFO - Setting next_dagrun for data_extraction to 2026-09-19 00:00:00+00:00, run_after=2026-09-20 00:00:00+00:00
[2026-09-20T11:12:44.611+0000] {processor.py:183} INFO - Processing /opt/airflow/dags/extraction_dag.py took 0.165 seconds
[2026-09-20T11:13:14.710+0000] {processor.py:161} INFO - Started process (PID=291) to work on /opt/airflow/dags/extraction_dag.py
[2026-09-20T11:13:14.712+0000] {processor.py:830} INFO - Processing file /opt/airflow/dags/extraction_dag.py for tasks to queue
[2026-09-20T11:13:14.715+0000] {logging_mixin.py:188} INFO - [2026-09-20T11:13:14.714+0000] {dagbag.py:545} INFO - Filling up the DagBag from /opt/airflow/dags/extraction_dag.py
[2026-09-20T11:13:14.732+0000] {processor.py:840} INFO - DAG(s) 'data_extraction' retrieved from /opt/airflow/dags/extraction_dag.py
[2026-09-20T11:13:14.780+0000] {logging_mixin.py:188} INFO - [2026-09-20T11:13:14.779+0000] {dag.py:3096} INFO - Sync 1 DAGs
[2026-09-20T11:13:14.819+0000] {logging_mixin.py:188} INFO - [2026-09-20T11:13:14.818+0000] {dag.py:3954} INFO - Setting next_dagrun for data_extraction to 2026-09-19 00:00:00+00:00, run_after=2026-09-20 00:00:00+00:00
[2026-09-20T11:13:14.851+0000] {processor.py:183} INFO - Processing /opt/airflow/dags/extraction_dag.py took 0.155 seconds
[2026-09-20T11:13:44.990+0000] {processor.py:161} INFO - Started process (PID=299) to work on /opt/airflow/dags/extraction_dag.py
[2026-09-20T11:13:44.992+0000] {processor.py:830} INFO - Processing file /opt/airflow/dags/extraction_dag.py for tasks to queue
[2026-09-20T11:13:44.995+0000] {logging_mixin.py:188} INFO - [2026-09-20T11:13:44.994+0000] {dagbag.py:545} INFO - Filling up the DagBag from /opt/airflow/dags/extraction_dag.py
[2026-09-20T11:13:45.022+0000] {processor.py:840} INFO - DAG(s) 'data_extraction' retrieved from /opt/airflow/dags/extraction_dag.py
[2026-09-20T11:13:45.068+0000] {logging_mixin.py:188} INFO - [2026-09-20T11:13:45.067+0000] {dag.py:3096} INFO - Sync 1 DAGs
[2026-09-20T11:13:45.095+0000] {logging_mixin.py:188} INFO - [2026-09-20T11:13:45.094+0000] {dag.py:3954} INFO - Setting next_dagrun for data_extraction to 2026-09-19 00:00:00+00:00, run_after=2026-09-20 00:00:00+00:00
[2026-09-20T11:13:45.122+0000] {processor.py:183} INFO - Processing /opt/airflow/dags/extraction_dag.py took 0.142 seconds
[2026-09-20T11:14:15.333+0000] {processor.py:161} INFO - Started process (PID=307) to work on /opt/airflow/dags/extraction_dag.py
[2026-09-20T11:14:15.334+0000] {processor.py:830} INFO - Processing file /opt/airflow/dags/extraction_dag.py for tasks to queue
[2026-09-20T11:14:15.336+0000] {logging_mixin.py:188} INFO - [2026-09-20T11:14:15.336+0000] {dagbag.py:545} INFO - Filling up the DagBag from /opt/airflow/dags/extraction_dag.py
[2026-09-20T11:14:15.357+0000] {processor.py:840} INFO - DAG(s) 'data_extraction' retrieved from /opt/airflow/dags/extraction_dag.py
[2026-09-20T11:14:15.399+0000] {logging_mixin.py:188} INFO - [2026-09-20T11:14:15.399+0000] {dag.py:3096} INFO - Sync 1 DAGs
[2026-09-20T11:14:15.437+0000] {logging_mixin.py:188} INFO - [2026-09-20T11:14:15.436+0000] {dag.py:3954} INFO - Setting next_dagrun for data_extraction to 2026-09-19 00:00:00+00:00, run_after=2026-09-20 00:00:00+00:00
[2026-09-20T11:14:15.464+0000] {processor.py:183} INFO - Processing /opt/airflow/dags/extraction_dag.py took 0.144 seconds
[2026-09-20T11:14:45.543+0000] {processor.py:161} INFO - Started process (PID=315) to work on /opt/airflow/dags/extraction_dag.py
[2026-09-20T11:14:45.545+0000] {processor.py:830} INFO - Processing file /opt/airflow/dags/extraction_dag.py for tasks to queue
[2026-09-20T11:14:45.548+0000] {logging_mixin.py:188} INFO - [2026-09-20T11:14:45.547+0000] {dagbag.py:545} INFO - Filling up the DagBag from /opt/airflow/dags/extraction_dag.py
[2026-09-20T11:14:45.568+0000] {processor.py:840} INFO - DAG(s) 'data_extraction' retrieved from /opt/airflow/dags/extraction_dag.py
[2026-09-20T11:14:45.614+0000] {logging_mixin.py:188} INFO - [2026-09-20T11:14:45.614+0000] {dag.py:3096} INFO - Sync 1 DAGs
[2026-09-20T11:14:45.644+0000] {logging_mixin.py:188} INFO - [2026-09-20T11:14:45.644+0000] {dag.py:3954} INFO - Setting next_dagrun for data_extraction to 2026-09-19 00:00:00+00:00, run_after=2026-09-20 00:00:00+00:00
[2026-09-20T11:14:45.673+0000] {processor.py:183} INFO - Processing /opt/airflow/dags/extraction_dag.py took 0.145 seconds
[2026-09-20T11:15:15.821+0000] {processor.py:161} INFO - Started process (PID=323) to work on /opt/airflow/dags/extraction_dag.py
[2026-09-20T11:15:15.823+0000] {processor.py:830} INFO - Processing file /opt/airflow/dags/extraction_dag.py for tasks to queue
[2026-09-20T11:15:15.825+0000] {logging_mixin.py:188} INFO - [2026-09-20T11:15:15.825+0000] {dagbag.py:545} INFO - Filling up the DagBag from /opt/airflow/dags/extraction_dag.py
[2026-09-20T11:15:15.848+0000] {processor.py:840} INFO - DAG(s) 'data_extraction' retrieved from /opt/airflow/dags/extraction_dag.py
[2026-09-20T11:15:15.893+0000] {logging_mixin.py:188} INFO - [2026-09-20T11:15:15.892+0000] {dag.py:3096} INFO - Sync 1 DAGs
[2026-09-20T11:15:15.928+0000] {logging_mixin.py:188} INFO - [2026-09-20T11:15:15.927+0000] {dag.py:3954} INFO - Setting next_dagrun for data_extraction to 2026-09-19 00:00:00+00:00, run_after=2026-09-20 00:00:00+00:00
[2026-09-20T11:15:15.955+0000] {processor.py:183} INFO - Processing /opt/airflow/dags/extraction_dag.py took 0.144 seconds
[2026-09-20T11:15:46.127+0000] {processor.py:161} INFO - Started process (PID=332) to work on /opt/airflow/dags/extraction_dag.py
[2026-09-20T11:15:46.129+0000] {processor.py:830} INFO - Processing file /opt/airflow/dags/extraction_dag.py for tasks to queue
[2026-09-20T11:15:46.133+0000] {logging_mixin.py:188} INFO - [2026-09-20T11:15:46.132+0000] {dagbag.py:545} INFO - Filling up the DagBag from /opt/airflow/dags/extraction_dag.py
[2026-09-20T11:15:46.154+0000] {processor.py:840} INFO - DAG(s) 'data_extraction' retrieved from /opt/airflow/dags/extraction_dag.py
[2026-09-20T11:15:46.188+0000] {logging_mixin.py:188} INFO - [2026-09-20T11:15:46.187+0000] {dag.py:3096} INFO - Sync 1 DAGs
[2026-09-20T11:15:46.221+0000] {logging_mixin.py:188} INFO - [2026-09-20T11:15:46.221+0000] {dag.py:3954} INFO - Setting next_dagrun for data_extraction to 2026-09-19 00:00:00+00:00, run_after=2026-09-20 00:00:00+00:00
[2026-09-20T11:15:46.248+0000] {processor.py:183} INFO - Processing /opt/airflow/dags/extraction_dag.py took 0.133 seconds
[2026-09-20T11:16:16.369+0000] {processor.py:161} INFO - Started process (PID=340) to work on /opt/airflow/dags/extraction_dag.py
[2026-09-20T11:16:16.371+0000] {processor.py:830} INFO - Processing file /opt/airflow/dags/extraction_dag.py for tasks to queue
[2026-09-20T11:16:16.379+0000] {logging_mixin.py:188} INFO - [2026-09-20T11:16:16.377+0000] {dagbag.py:545} INFO - Filling up the DagBag from /opt/airflow/dags/extraction_dag.py
[2026-09-20T11:16:16.412+0000] {processor.py:840} INFO - DAG(s) 'data_extraction' retrieved from /opt/airflow/dags/extraction_dag.py
[2026-09-20T11:16:16.458+0000] {logging_mixin.py:188} INFO - [2026-09-20T11:16:16.457+0000] {dag.py:3096} INFO - Sync 1 DAGs
[2026-09-20T11:16:16.510+0000] {logging_mixin.py:188} INFO - [2026-09-20T11:16:16.509+0000] {dag.py:3954} INFO - Setting next_dagrun for data_extraction to 2026-09-19 00:00:00+00:00, run_after=2026-09-20 00:00:00+00:00
[2026-09-20T11:16:16.551+0000] {processor.py:183} INFO - Processing /opt/airflow/dags/extraction_dag.py took 0.199 seconds
