[2026-09-17T09:24:27.129+0000] {local_task_job_runner.py:120} INFO - ::group::Pre task execution logs
[2026-09-17T09:24:27.149+0000] {taskinstance.py:2076} INFO - Dependencies all met for dep_context=non-requeueable deps ti=<TaskInstance: data_staging_dag.create_tables manual__2026-09-17T09:24:25.831119+00:00 [queued]>
[2026-09-17T09:24:27.155+0000] {taskinstance.py:2076} INFO - Dependencies all met for dep_context=requeueable deps ti=<TaskInstance: data_staging_dag.create_tables manual__2026-09-17T09:24:25.831119+00:00 [queued]>
[2026-09-17T09:24:27.155+0000] {taskinstance.py:2306} INFO - Starting attempt 1 of 1
[2026-09-17T09:24:27.170+0000] {taskinstance.py:2330} INFO - Executing <Task(_PythonDecoratedOperator): create_tables> on 2026-09-17 09:24:25.831119+00:00
[2026-09-17T09:24:27.175+0000] {standard_task_runner.py:63} INFO - Started process 2530 to run task
[2026-09-17T09:24:27.179+0000] {standard_task_runner.py:90} INFO - Running: ['airflow', 'tasks', 'run', 'data_staging_dag', 'create_tables', 'manual__2026-09-17T09:24:25.831119+00:00', '--job-id', '25', '--raw', '--subdir', 'DAGS_FOLDER/data_staging_dag.py', '--cfg-path', '/tmp/tmpjna__2dg']
[2026-09-17T09:24:27.180+0000] {standard_task_runner.py:91} INFO - Job 25: Subtask create_tables
[2026-09-17T09:24:27.232+0000] {task_command.py:426} INFO - Running <TaskInstance: data_staging_dag.create_tables manual__2026-09-17T09:24:25.831119+00:00 [running]> on host 1a4c08f9ab32
[2026-09-17T09:24:27.306+0000] {taskinstance.py:2648} INFO - Exporting env vars: AIRFLOW_CTX_DAG_OWNER='airflow' AIRFLOW_CTX_DAG_ID='data_staging_dag' AIRFLOW_CTX_TASK_ID='create_tables' AIRFLOW_CTX_EXECUTION_DATE='2026-09-17T09:24:25.831119+00:00' AIRFLOW_CTX_TRY_NUMBER='1' AIRFLOW_CTX_DAG_RUN_ID='manual__2026-09-17T09:24:25.831119+00:00'
[2026-09-17T09:24:27.307+0000] {taskinstance.py:430} INFO - ::endgroup::
[2026-09-17T09:24:27.323+0000] {base.py:84} INFO - Using connection ID 'postgres_id' for task execution.
[2026-09-17T09:24:27.325+0000] {taskinstance.py:441} INFO - ::group::Post task execution logs
[2026-09-17T09:24:27.325+0000] {taskinstance.py:2905} ERROR - Task failed with exception
Traceback (most recent call last):
  File "/home/airflow/.local/lib/python3.10/site-packages/airflow/models/taskinstance.py", line 465, in _execute_task
    result = _execute_callable(context=context, **execute_callable_kwargs)
  File "/home/airflow/.local/lib/python3.10/site-packages/airflow/models/taskinstance.py", line 432, in _execute_callable
    return execute_callable(context=context, **execute_callable_kwargs)
  File "/home/airflow/.local/lib/python3.10/site-packages/airflow/models/baseoperator.py", line 401, in wrapper
    return func(self, *args, **kwargs)
  File "/home/airflow/.local/lib/python3.10/site-packages/airflow/decorators/base.py", line 265, in execute
    return_value = super().execute(context)
  File "/home/airflow/.local/lib/python3.10/site-packages/airflow/models/baseoperator.py", line 401, in wrapper
    return func(self, *args, **kwargs)
  File "/home/airflow/.local/lib/python3.10/site-packages/airflow/operators/python.py", line 235, in execute
    return_value = self.execute_callable()
  File "/home/airflow/.local/lib/python3.10/site-packages/airflow/operators/python.py", line 252, in execute_callable
    return self.python_callable(*self.op_args, **self.op_kwargs)
  File "/opt/airflow/dags/data_staging_dag.py", line 42, in create_tables
    hook.run(sql)
  File "/home/airflow/.local/lib/python3.10/site-packages/airflow/providers/common/sql/hooks/sql.py", line 431, in run
    with self._create_autocommit_connection(autocommit) as conn:
  File "/usr/local/lib/python3.10/contextlib.py", line 135, in __enter__
    return next(self.gen)
  File "/home/airflow/.local/lib/python3.10/site-packages/airflow/providers/common/sql/hooks/sql.py", line 551, in _create_autocommit_connection
    with closing(self.get_conn()) as conn:
  File "/home/airflow/.local/lib/python3.10/site-packages/airflow/providers/postgres/hooks/postgres.py", line 175, in get_conn
    self.conn = psycopg2.connect(**conn_args)
  File "/home/airflow/.local/lib/python3.10/site-packages/psycopg2/__init__.py", line 122, in connect
    conn = _connect(dsn, connection_factory=connection_factory, **kwasync)
psycopg2.OperationalError: connection to server at "localhost" (::1), port 5432 failed: Connection refused
	Is the server running on that host and accepting TCP/IP connections?
connection to server at "localhost" (127.0.0.1), port 5432 failed: Connection refused
	Is the server running on that host and accepting TCP/IP connections?

[2026-09-17T09:24:27.335+0000] {taskinstance.py:1206} INFO - Marking task as FAILED. dag_id=data_staging_dag, task_id=create_tables, run_id=manual__2026-09-17T09:24:25.831119+00:00, execution_date=20260917T092425, start_date=20260917T092427, end_date=20260917T092427
[2026-09-17T09:24:27.345+0000] {standard_task_runner.py:110} ERROR - Failed to execute job 25 for task create_tables (connection to server at "localhost" (::1), port 5432 failed: Connection refused
	Is the server running on that host and accepting TCP/IP connections?
connection to server at "localhost" (127.0.0.1), port 5432 failed: Connection refused
	Is the server running on that host and accepting TCP/IP connections?
; 2530)
[2026-09-17T09:24:27.351+0000] {local_task_job_runner.py:240} INFO - Task exited with return code 1
[2026-09-17T09:24:27.372+0000] {taskinstance.py:3503} INFO - 0 downstream tasks scheduled from follow-on schedule check
[2026-09-17T09:24:27.376+0000] {local_task_job_runner.py:222} INFO - ::endgroup::
