[2026-09-17T10:01:35.265+0000] {local_task_job_runner.py:120} INFO - ::group::Pre task execution logs
[2026-09-17T10:01:35.283+0000] {taskinstance.py:2076} INFO - Dependencies all met for dep_context=non-requeueable deps ti=<TaskInstance: data_staging_dag.upsert manual__2026-09-17T10:01:31.882236+00:00 [queued]>
[2026-09-17T10:01:35.289+0000] {taskinstance.py:2076} INFO - Dependencies all met for dep_context=requeueable deps ti=<TaskInstance: data_staging_dag.upsert manual__2026-09-17T10:01:31.882236+00:00 [queued]>
[2026-09-17T10:01:35.289+0000] {taskinstance.py:2306} INFO - Starting attempt 1 of 1
[2026-09-17T10:01:35.300+0000] {taskinstance.py:2330} INFO - Executing <Task(_PythonDecoratedOperator): upsert> on 2026-09-17 10:01:31.882236+00:00
[2026-09-17T10:01:35.305+0000] {standard_task_runner.py:63} INFO - Started process 2690 to run task
[2026-09-17T10:01:35.307+0000] {standard_task_runner.py:90} INFO - Running: ['airflow', 'tasks', 'run', 'data_staging_dag', 'upsert', 'manual__2026-09-17T10:01:31.882236+00:00', '--job-id', '41', '--raw', '--subdir', 'DAGS_FOLDER/data_staging_dag.py', '--cfg-path', '/tmp/tmpuce13wg9']
[2026-09-17T10:01:35.308+0000] {standard_task_runner.py:91} INFO - Job 41: Subtask upsert
[2026-09-17T10:01:35.352+0000] {task_command.py:426} INFO - Running <TaskInstance: data_staging_dag.upsert manual__2026-09-17T10:01:31.882236+00:00 [running]> on host 1a4c08f9ab32
[2026-09-17T10:01:35.475+0000] {taskinstance.py:2648} INFO - Exporting env vars: AIRFLOW_CTX_DAG_OWNER='airflow' AIRFLOW_CTX_DAG_ID='data_staging_dag' AIRFLOW_CTX_TASK_ID='upsert' AIRFLOW_CTX_EXECUTION_DATE='2026-09-17T10:01:31.882236+00:00' AIRFLOW_CTX_TRY_NUMBER='1' AIRFLOW_CTX_DAG_RUN_ID='manual__2026-09-17T10:01:31.882236+00:00'
[2026-09-17T10:01:35.476+0000] {taskinstance.py:430} INFO - ::endgroup::
[2026-09-17T10:01:35.485+0000] {base.py:84} INFO - Using connection ID 'postgres_db_yt_elt' for task execution.
[2026-09-17T10:01:35.493+0000] {base.py:84} INFO - Using connection ID 'postgres_db_yt_elt' for task execution.
[2026-09-17T10:01:35.651+0000] {sql.py:598} INFO - Loaded 1000 rows into staging.youtube_videos so far
[2026-09-17T10:01:35.652+0000] {base.py:84} INFO - Using connection ID 'postgres_db_yt_elt' for task execution.
[2026-09-17T10:01:35.675+0000] {sql.py:598} INFO - Loaded 139 rows into staging.youtube_videos so far
[2026-09-17T10:01:35.676+0000] {sql.py:611} INFO - Done loading. Loaded a total of 1139 rows into staging.youtube_videos
[2026-09-17T10:01:35.677+0000] {base.py:84} INFO - Using connection ID 'postgres_db_yt_elt' for task execution.
[2026-09-17T10:01:35.682+0000] {sql.py:487} INFO - Running statement: 
        INSERT INTO staging.youtube_videos (
            video_id,
            title,
            description,
            published_at,
            duration,
            views,
            likes,
            comments
        )
        SELECT
            video_id,
            title,
            description,
            published_at,
            duration,
            views,
            likes,
            comments
        FROM staging.youtube_videos

        ON CONFLICT (video_id)
        DO UPDATE SET
            title = EXCLUDED.title,
            description = EXCLUDED.description,
            published_at = EXCLUDED.published_at,
            duration = EXCLUDED.duration,
            views = EXCLUDED.views,
            likes = EXCLUDED.likes,
            comments = EXCLUDED.comments,
            updated_at = NOW()
        , parameters: None
[2026-09-17T10:01:35.686+0000] {taskinstance.py:441} INFO - ::group::Post task execution logs
[2026-09-17T10:01:35.686+0000] {taskinstance.py:2905} ERROR - Task failed with exception
Traceback (most recent call last):
  File "/home/airflow/.local/lib/python3.10/site-packages/airflow/models/taskinstance.py", line 465, in _execute_task
    result = _execute_callable(context=context, **execute_callable_kwargs)
  File "/home/airflow/.local/lib/python3.10/site-packages/airflow/models/taskinstance.py", line 432, in _execute_callable
    return execute_callable(context=context, **execute_callable_kwargs)
  File "/home/airflow/.local/lib/python3.10/site-packages/airflow/models/baseoperator.py", line 401, in wrapper
    return func(self, *args, **kwargs)
  File "/home/airflow/.local/lib/python3.10/site-packages/airflow/decorators/base.py", line 265, in execute
    return_value = super().execute(context)
  File "/home/airflow/.local/lib/python3.10/site-packages/airflow/models/baseoperator.py", line 401, in wrapper
    return func(self, *args, **kwargs)
  File "/home/airflow/.local/lib/python3.10/site-packages/airflow/operators/python.py", line 235, in execute
    return_value = self.execute_callable()
  File "/home/airflow/.local/lib/python3.10/site-packages/airflow/operators/python.py", line 252, in execute_callable
    return self.python_callable(*self.op_args, **self.op_kwargs)
  File "/opt/airflow/dags/data_staging_dag.py", line 129, in upsert
    hook.run(sql)
  File "/home/airflow/.local/lib/python3.10/site-packages/airflow/providers/common/sql/hooks/sql.py", line 435, in run
    self._run_command(cur, sql_statement, parameters)
  File "/home/airflow/.local/lib/python3.10/site-packages/airflow/providers/common/sql/hooks/sql.py", line 492, in _run_command
    cur.execute(sql_statement)
psycopg2.errors.UndefinedColumn: column "updated_at" of relation "youtube_videos" does not exist
LINE 32:             updated_at = NOW()
                     ^

[2026-09-17T10:01:35.695+0000] {taskinstance.py:1206} INFO - Marking task as FAILED. dag_id=data_staging_dag, task_id=upsert, run_id=manual__2026-09-17T10:01:31.882236+00:00, execution_date=20260917T100131, start_date=20260917T100135, end_date=20260917T100135
[2026-09-17T10:01:35.704+0000] {standard_task_runner.py:110} ERROR - Failed to execute job 41 for task upsert (column "updated_at" of relation "youtube_videos" does not exist
LINE 32:             updated_at = NOW()
                     ^
; 2690)
[2026-09-17T10:01:35.720+0000] {local_task_job_runner.py:240} INFO - Task exited with return code 1
[2026-09-17T10:01:35.738+0000] {taskinstance.py:3503} INFO - 0 downstream tasks scheduled from follow-on schedule check
[2026-09-17T10:01:35.744+0000] {local_task_job_runner.py:222} INFO - ::endgroup::
