[2026-09-17T10:01:33.264+0000] {local_task_job_runner.py:120} INFO - ::group::Pre task execution logs
[2026-09-17T10:01:33.283+0000] {taskinstance.py:2076} INFO - Dependencies all met for dep_context=non-requeueable deps ti=<TaskInstance: data_staging_dag.create_tables manual__2026-09-17T10:01:31.882236+00:00 [queued]>
[2026-09-17T10:01:33.290+0000] {taskinstance.py:2076} INFO - Dependencies all met for dep_context=requeueable deps ti=<TaskInstance: data_staging_dag.create_tables manual__2026-09-17T10:01:31.882236+00:00 [queued]>
[2026-09-17T10:01:33.290+0000] {taskinstance.py:2306} INFO - Starting attempt 1 of 1
[2026-09-17T10:01:33.307+0000] {taskinstance.py:2330} INFO - Executing <Task(_PythonDecoratedOperator): create_tables> on 2026-09-17 10:01:31.882236+00:00
[2026-09-17T10:01:33.312+0000] {standard_task_runner.py:63} INFO - Started process 2686 to run task
[2026-09-17T10:01:33.315+0000] {standard_task_runner.py:90} INFO - Running: ['airflow', 'tasks', 'run', 'data_staging_dag', 'create_tables', 'manual__2026-09-17T10:01:31.882236+00:00', '--job-id', '39', '--raw', '--subdir', 'DAGS_FOLDER/data_staging_dag.py', '--cfg-path', '/tmp/tmp6g3s68fs']
[2026-09-17T10:01:33.316+0000] {standard_task_runner.py:91} INFO - Job 39: Subtask create_tables
[2026-09-17T10:01:33.366+0000] {task_command.py:426} INFO - Running <TaskInstance: data_staging_dag.create_tables manual__2026-09-17T10:01:31.882236+00:00 [running]> on host 1a4c08f9ab32
[2026-09-17T10:01:33.437+0000] {taskinstance.py:2648} INFO - Exporting env vars: AIRFLOW_CTX_DAG_OWNER='airflow' AIRFLOW_CTX_DAG_ID='data_staging_dag' AIRFLOW_CTX_TASK_ID='create_tables' AIRFLOW_CTX_EXECUTION_DATE='2026-09-17T10:01:31.882236+00:00' AIRFLOW_CTX_TRY_NUMBER='1' AIRFLOW_CTX_DAG_RUN_ID='manual__2026-09-17T10:01:31.882236+00:00'
[2026-09-17T10:01:33.437+0000] {taskinstance.py:430} INFO - ::endgroup::
[2026-09-17T10:01:33.445+0000] {base.py:84} INFO - Using connection ID 'postgres_db_yt_elt' for task execution.
[2026-09-17T10:01:33.451+0000] {sql.py:487} INFO - Running statement: 
        CREATE SCHEMA IF NOT EXISTS staging;
        CREATE TABLE IF NOT EXISTS staging.youtube_videos (
            video_id       VARCHAR(50) PRIMARY KEY,
            title          TEXT,
            description    TEXT,
            published_at   TIMESTAMPTZ,
            duration       VARCHAR(50),
            views          BIGINT,
            likes          BIGINT,
            comments       BIGINT,
            loaded_at      TIMESTAMPTZ DEFAULT NOW()
        );
        , parameters: None
[2026-09-17T10:01:33.452+0000] {python.py:237} INFO - Done. Returned value was: None
[2026-09-17T10:01:33.454+0000] {taskinstance.py:441} INFO - ::group::Post task execution logs
[2026-09-17T10:01:33.463+0000] {taskinstance.py:1206} INFO - Marking task as SUCCESS. dag_id=data_staging_dag, task_id=create_tables, run_id=manual__2026-09-17T10:01:31.882236+00:00, execution_date=20260917T100131, start_date=20260917T100133, end_date=20260917T100133
[2026-09-17T10:01:33.487+0000] {local_task_job_runner.py:240} INFO - Task exited with return code 0
[2026-09-17T10:01:33.508+0000] {taskinstance.py:3503} INFO - 1 downstream tasks scheduled from follow-on schedule check
[2026-09-17T10:01:33.511+0000] {local_task_job_runner.py:222} INFO - ::endgroup::
