[2026-09-15T22:15:10.258+0000] {local_task_job_runner.py:120} INFO - ::group::Pre task execution logs
[2026-09-15T22:15:10.289+0000] {taskinstance.py:2076} INFO - Dependencies all met for dep_context=non-requeueable deps ti=<TaskInstance: data_extraction.get_channel_playlist_id manual__2026-09-15T22:15:09.185332+00:00 [queued]>
[2026-09-15T22:15:10.297+0000] {taskinstance.py:2076} INFO - Dependencies all met for dep_context=requeueable deps ti=<TaskInstance: data_extraction.get_channel_playlist_id manual__2026-09-15T22:15:09.185332+00:00 [queued]>
[2026-09-15T22:15:10.298+0000] {taskinstance.py:2306} INFO - Starting attempt 1 of 1
[2026-09-15T22:15:10.310+0000] {taskinstance.py:2330} INFO - Executing <Task(_PythonDecoratedOperator): get_channel_playlist_id> on 2026-09-15 22:15:09.185332+00:00
[2026-09-15T22:15:10.314+0000] {standard_task_runner.py:63} INFO - Started process 85 to run task
[2026-09-15T22:15:10.318+0000] {standard_task_runner.py:90} INFO - Running: ['airflow', 'tasks', 'run', 'data_extraction', 'get_channel_playlist_id', 'manual__2026-09-15T22:15:09.185332+00:00', '--job-id', '2', '--raw', '--subdir', 'DAGS_FOLDER/data_extracter_dag.py', '--cfg-path', '/tmp/tmp1c3n0jx1']
[2026-09-15T22:15:10.319+0000] {standard_task_runner.py:91} INFO - Job 2: Subtask get_channel_playlist_id
[2026-09-15T22:15:10.376+0000] {task_command.py:426} INFO - Running <TaskInstance: data_extraction.get_channel_playlist_id manual__2026-09-15T22:15:09.185332+00:00 [running]> on host b731fba17434
[2026-09-15T22:15:10.451+0000] {taskinstance.py:2648} INFO - Exporting env vars: AIRFLOW_CTX_DAG_OWNER='airflow' AIRFLOW_CTX_DAG_ID='data_extraction' AIRFLOW_CTX_TASK_ID='get_channel_playlist_id' AIRFLOW_CTX_EXECUTION_DATE='2026-09-15T22:15:09.185332+00:00' AIRFLOW_CTX_TRY_NUMBER='1' AIRFLOW_CTX_DAG_RUN_ID='manual__2026-09-15T22:15:09.185332+00:00'
[2026-09-15T22:15:10.452+0000] {taskinstance.py:430} INFO - ::endgroup::
[2026-09-15T22:15:10.453+0000] {taskinstance.py:441} INFO - ::group::Post task execution logs
[2026-09-15T22:15:10.453+0000] {taskinstance.py:2905} ERROR - Task failed with exception
Traceback (most recent call last):
  File "/home/airflow/.local/lib/python3.10/site-packages/airflow/models/taskinstance.py", line 465, in _execute_task
    result = _execute_callable(context=context, **execute_callable_kwargs)
  File "/home/airflow/.local/lib/python3.10/site-packages/airflow/models/taskinstance.py", line 432, in _execute_callable
    return execute_callable(context=context, **execute_callable_kwargs)
  File "/home/airflow/.local/lib/python3.10/site-packages/airflow/models/baseoperator.py", line 401, in wrapper
    return func(self, *args, **kwargs)
  File "/home/airflow/.local/lib/python3.10/site-packages/airflow/decorators/base.py", line 265, in execute
    return_value = super().execute(context)
  File "/home/airflow/.local/lib/python3.10/site-packages/airflow/models/baseoperator.py", line 401, in wrapper
    return func(self, *args, **kwargs)
  File "/home/airflow/.local/lib/python3.10/site-packages/airflow/operators/python.py", line 235, in execute
    return_value = self.execute_callable()
  File "/home/airflow/.local/lib/python3.10/site-packages/airflow/operators/python.py", line 252, in execute_callable
    return self.python_callable(*self.op_args, **self.op_kwargs)
  File "/opt/airflow/dags/data_extracter_dag.py", line 26, in get_channel_playlist_id
    response = requests.get(
NameError: name 'requests' is not defined
[2026-09-15T22:15:10.461+0000] {taskinstance.py:1206} INFO - Marking task as FAILED. dag_id=data_extraction, task_id=get_channel_playlist_id, run_id=manual__2026-09-15T22:15:09.185332+00:00, execution_date=20260915T221509, start_date=20260915T221510, end_date=20260915T221510
[2026-09-15T22:15:10.471+0000] {standard_task_runner.py:110} ERROR - Failed to execute job 2 for task get_channel_playlist_id (name 'requests' is not defined; 85)
[2026-09-15T22:15:10.490+0000] {local_task_job_runner.py:240} INFO - Task exited with return code 1
[2026-09-15T22:15:10.509+0000] {taskinstance.py:3503} INFO - 0 downstream tasks scheduled from follow-on schedule check
[2026-09-15T22:15:10.513+0000] {local_task_job_runner.py:222} INFO - ::endgroup::
