[2026-09-16T15:15:11.453+0000] {local_task_job_runner.py:120} INFO - ::group::Pre task execution logs
[2026-09-16T15:15:11.473+0000] {taskinstance.py:2076} INFO - Dependencies all met for dep_context=non-requeueable deps ti=<TaskInstance: data_extraction.get_channel_playlist_id manual__2026-09-16T15:15:10.672854+00:00 [queued]>
[2026-09-16T15:15:11.481+0000] {taskinstance.py:2076} INFO - Dependencies all met for dep_context=requeueable deps ti=<TaskInstance: data_extraction.get_channel_playlist_id manual__2026-09-16T15:15:10.672854+00:00 [queued]>
[2026-09-16T15:15:11.481+0000] {taskinstance.py:2306} INFO - Starting attempt 1 of 1
[2026-09-16T15:15:11.496+0000] {taskinstance.py:2330} INFO - Executing <Task(_PythonDecoratedOperator): get_channel_playlist_id> on 2026-09-16 15:15:10.672854+00:00
[2026-09-16T15:15:11.500+0000] {standard_task_runner.py:63} INFO - Started process 203 to run task
[2026-09-16T15:15:11.504+0000] {standard_task_runner.py:90} INFO - Running: ['airflow', 'tasks', 'run', 'data_extraction', 'get_channel_playlist_id', 'manual__2026-09-16T15:15:10.672854+00:00', '--job-id', '4', '--raw', '--subdir', 'DAGS_FOLDER/data_extracter_dag.py', '--cfg-path', '/tmp/tmpzfrsbj8s']
[2026-09-16T15:15:11.505+0000] {standard_task_runner.py:91} INFO - Job 4: Subtask get_channel_playlist_id
[2026-09-16T15:15:11.556+0000] {task_command.py:426} INFO - Running <TaskInstance: data_extraction.get_channel_playlist_id manual__2026-09-16T15:15:10.672854+00:00 [running]> on host 1a4c08f9ab32
[2026-09-16T15:15:11.632+0000] {taskinstance.py:2648} INFO - Exporting env vars: AIRFLOW_CTX_DAG_OWNER='airflow' AIRFLOW_CTX_DAG_ID='data_extraction' AIRFLOW_CTX_TASK_ID='get_channel_playlist_id' AIRFLOW_CTX_EXECUTION_DATE='2026-09-16T15:15:10.672854+00:00' AIRFLOW_CTX_TRY_NUMBER='1' AIRFLOW_CTX_DAG_RUN_ID='manual__2026-09-16T15:15:10.672854+00:00'
[2026-09-16T15:15:11.633+0000] {taskinstance.py:430} INFO - ::endgroup::
[2026-09-16T15:15:11.633+0000] {taskinstance.py:441} INFO - ::group::Post task execution logs
[2026-09-16T15:15:11.633+0000] {taskinstance.py:2905} ERROR - Task failed with exception
Traceback (most recent call last):
  File "/home/airflow/.local/lib/python3.10/site-packages/airflow/models/taskinstance.py", line 465, in _execute_task
    result = _execute_callable(context=context, **execute_callable_kwargs)
  File "/home/airflow/.local/lib/python3.10/site-packages/airflow/models/taskinstance.py", line 432, in _execute_callable
    return execute_callable(context=context, **execute_callable_kwargs)
  File "/home/airflow/.local/lib/python3.10/site-packages/airflow/models/baseoperator.py", line 401, in wrapper
    return func(self, *args, **kwargs)
  File "/home/airflow/.local/lib/python3.10/site-packages/airflow/decorators/base.py", line 265, in execute
    return_value = super().execute(context)
  File "/home/airflow/.local/lib/python3.10/site-packages/airflow/models/baseoperator.py", line 401, in wrapper
    return func(self, *args, **kwargs)
  File "/home/airflow/.local/lib/python3.10/site-packages/airflow/operators/python.py", line 235, in execute
    return_value = self.execute_callable()
  File "/home/airflow/.local/lib/python3.10/site-packages/airflow/operators/python.py", line 252, in execute_callable
    return self.python_callable(*self.op_args, **self.op_kwargs)
  File "/opt/airflow/dags/data_extracter_dag.py", line 26, in get_channel_playlist_id
    response = requests.get(
NameError: name 'requests' is not defined
[2026-09-16T15:15:11.643+0000] {taskinstance.py:1206} INFO - Marking task as FAILED. dag_id=data_extraction, task_id=get_channel_playlist_id, run_id=manual__2026-09-16T15:15:10.672854+00:00, execution_date=20260916T151510, start_date=20260916T151511, end_date=20260916T151511
[2026-09-16T15:15:11.652+0000] {standard_task_runner.py:110} ERROR - Failed to execute job 4 for task get_channel_playlist_id (name 'requests' is not defined; 203)
[2026-09-16T15:15:11.676+0000] {local_task_job_runner.py:240} INFO - Task exited with return code 1
[2026-09-16T15:15:11.695+0000] {taskinstance.py:3503} INFO - 0 downstream tasks scheduled from follow-on schedule check
[2026-09-16T15:15:11.699+0000] {local_task_job_runner.py:222} INFO - ::endgroup::
